
[0K[?25hwarning: LF will be replaced by CRLF in 20191/Nal/Postgrado/libraryjs/leaflet-binding-1.1.0/plu[0Kg[?25l
ins/Leaflet.markercluster/leaflet.markercluster.js.[0K
The file will have its original line endings in your working directory.[0K
[0K[?25hwarning: LF will be replaced by CRLF in 20191/Nal/Postgrado/libraryjs/leaflet-binding-1.1.0/plu[0Kg[?25l
ins/Leaflet.markercluster/leaflet.markercluster.layersupport-src.js.[0K
The file will have its original line endings in your working directory.[0K
[0K[?25hwarning: LF will be replaced by CRLF in 20191/Nal/Postgrado/libraryjs/leaflet-binding-1.1.0/plu[0Kg[?25l
ins/Proj4Leaflet/proj4-compressed.js.[0K
The file will have its original line endings in your working directory.[0K
warning: LF will be replaced by CRLF in 20191/Nal/Postgrado/libraryjs/leaflet-binding-1.1.0/plu[0Kg
ins/Proj4Leaflet/proj4.js.[0K
The file will have its original line endings in your working directory.[0K
[0K[?25hwarning: LF will be replaced by CRLF in 20191/Nal/Postgrado/libraryjs/leaflet-binding-1.1.0/plu[0Kg[?25l
ins/leaflet-locationfilter/locationfilter-bindings.js.[0K
The file will have its original line endings in your working directory.[0K
warning: LF will be replaced by CRLF in 20191/Nal/Postgrado/libraryjs/leaflet-binding-1.1.0/plu[0Kg
ins/leaflet-locationfilter/locationfilter.css.[0K
The file will have its original line endings in your working directory.[0K
warning: LF will be replaced by CRLF in 20191/Nal/Postgrado/libraryjs/leaflet-binding-1.1.0/plu[0Kg
ins/leaflet-locationfilter/locationfilter.js.[0K
The file will have its original line endings in your working directory.[0K
warning: LF will be replaced by CRLF in 20191/Nal/Postgrado/libraryjs/leaflet-binding-1.1.0/plu[0Kg
ins/leaflet-providers-plugin/leaflet-providers-plugin.js.[0K
The file will have its original line endings in your working directory.[0K
[0K[?25hwarning: LF will be replaced by CRLF in 20191/Nal/Postgrado/libraryjs/leaflet-easybutton-1.3.1/[0KE[?25l
asyButton-binding.js.[0K
The file will have its original line endings in your working directory.[0K
warning: LF will be replaced by CRLF in 20191/Nal/Postgrado/libraryjs/leaflet-easybutton-1.3.1/[0KL
ICENSE.[0K
The file will have its original line endings in your working directory.[0K
warning: LF will be replaced by CRLF in 20191/Nal/Postgrado/libraryjs/leaflet-easybutton-1.3.1/[0Ke
asy-button.css.[0K
The file will have its original line endings in your working directory.[0K
warning: LF will be replaced by CRLF in 20191/Nal/Postgrado/libraryjs/leaflet-easybutton-1.3.1/[0Ke
asy-button.js.[0K
The file will have its original line endings in your working directory.[0K
warning: LF will be replaced by CRLF in 20191/Nal/Postgrado/libraryjs/leaflet-label-0.2.2/leafl[0Ke
t.label-src.js.[0K
The file will have its original line endings in your working directory.[0K
warning: LF will be replaced by CRLF in 20191/Nal/Postgrado/libraryjs/leaflet-label-0.2.2/leafl[0Ke
t.label.css.[0K
The file will have its original line endings in your working directory.[0K
warning: LF will be replaced by CRLF in 20191/Nal/Postgrado/libraryjs/leaflet-label-0.2.2/leafl[0Ke
t.label.js.[0K
The file will have its original line endings in your working directory.[0K
warning: LF will be replaced by CRLF in 20191/Nal/Postgrado/libraryjs/leaflet-minimap-3.3.1/Con[0Kt
rol.MiniMap.css.[0K
The file will have its original line endings in your working directory.[0K
warning: LF will be replaced by CRLF in 20191/Nal/Postgrado/libraryjs/leaflet-minimap-3.3.1/Con[0Kt
rol.MiniMap.js.[0K
The file will have its original line endings in your working directory.[0K
warning: LF will be replaced by CRLF in 20191/Nal/Postgrado/libraryjs/leaflet-minimap-3.3.1/Min[0Ki
map-binding.js.[0K
The file will have its original line endings in your working directory.[0K
warning: LF will be replaced by CRLF in 20191/Nal/Postgrado/libraryjs/leaflet-providers-1.0.27/[0KC
ONTRIBUTING.md.[0K
The file will have its original line endings in your working directory.[0K
warning: LF will be replaced by CRLF in 20191/Nal/Postgrado/libraryjs/leaflet-providers-1.0.27/[0KR
EADME.md.[0K
The file will have its original line endings in your working directory.[0K
warning: LF will be replaced by CRLF in 20191/Nal/Postgrado/libraryjs/leaflet-providers-1.0.27/[0Kb
ower.json.[0K
The file will have its original line endings in your working directory.[0K
warning: LF will be replaced by CRLF in 20191/Nal/Postgrado/libraryjs/leaflet-providers-1.0.27/[0Kl
eaflet-providers.js.[0K
The file will have its original line endings in your working directory.[0K
warning: LF will be replaced by CRLF in 20191/Nal/Postgrado/libraryjs/leaflet-providers-1.0.27/[0Kl
icense.md.[0K
The file will have its original line endings in your working directory.[0K
warning: LF will be replaced by CRLF in 20191/Nal/Postgrado/libraryjs/leaflet-providers-1.0.27/[0Kp
ackage.json.[0K
The file will have its original line endings in your working directory.[0K
warning: LF will be replaced by CRLF in 20191/Nal/Postgrado/libraryjs/leaflet-providers-1.0.27/[0Kp
roviders.json.[0K
The file will have its original line endings in your working directory.[0K
warning: LF will be replaced by CRLF in 20191/Nal/Postgrado/libraryjs/leaflet-providers-plugin-[0K1
.1.0/leaflet-providers-plugin.js.[0K
The file will have its original line endings in your working directory.[0K
warning: LF will be replaced by CRLF in 20191/Nal/Postgrado/libraryjs/leafletfix-1.0.0/leafletf[0Ki
x.css.[0K
The file will have its original line endings in your working directory.[0K
warning: LF will be replaced by CRLF in 20191/Nal/Postgrado/libraryjs/nouislider-7.0.10/jquery.[0Kn
ouislider.min.css.[0K
The file will have its original line endings in your working directory.[0K
warning: LF will be replaced by CRLF in 20191/Nal/Postgrado/libraryjs/nouislider-7.0.10/jquery.[0Kn
ouislider.min.js.[0K
The file will have its original line endings in your working directory.[0K
warning: LF will be replaced by CRLF in 20191/Nal/Postgrado/libraryjs/pdfmake-1.10.16/pdfmake.m[0Ki
n.js.[0K
The file will have its original line endings in your working directory.[0K
warning: LF will be replaced by CRLF in 20191/Nal/Postgrado/libraryjs/proj4js-2.3.15/proj4.js.[0K
The file will have its original line endings in your working directory.[0K
warning: LF will be replaced by CRLF in 20191/Nal/Postgrado/libraryjs/selectize-0.12.0/selectiz[0Ke
.bootstrap3.css.[0K
The file will have its original line endings in your working directory.[0K
warning: LF will be replaced by CRLF in 20191/Nal/Postgrado/libraryjs/selectize-0.12.0/selectiz[0Ke
.min.js.[0K
The file will have its original line endings in your working directory.[0K
[0K[?25h[?25l
[0;32mAlberto@Alberto-HP [0;35m [0;33m~/Documents/ONP/Oficina Nacional de Estadística/Página/Cifras/Graduados/G_G[0Kr
aduados[0;36m (master)[0m[0K
$[0K[3G[?25h[?25l$ g[0K[?25hi[0Kt[0K[7G[?25l$ git c[0K[?25ho[0Km[0Km[0Ki[0Kt[0K[14G[?25l$ git commit -[0K[?25hm[0K[17G[?25l$ git commit -m "[0K[?25hO[0Kb[0Kj[0Ke[0Kt[0Ko[0Ks[0K[26G[25G[?25l$ git commit -m "Objeto[0K[?25h[?25l$ git commit -m "Objet[0K[24G[?25h[23G[?25l$ git commit -m "Obje[0K[?25h[?25l$ git commit -m "Obj[0K[?25h[?25l$ git commit -m "Ob[0K[?25h[?25l$ git commit -m "O[0K[?25h[?25l$ git commit -m "[0K[?25hE[0Ks[0K[?25l$ git commit -m "E[0K[?25h[?25l$ git commit -m "[0K[?25hO[0Kb[0Kj[0Ke[0Kt[0Ko[0Ks[0K[26G[?25l$ git commit -m "Objetos g[0K[?25hr[0Ka[0Kf[0Ki[0Kc[0Ko[0Ks[0K[35G[?25l$ git commit -m "Objetos graficos p[0K[?25ho[0Ks[0Kt[0K[?25l$ git commit -m "Objetos graficos pos[0K[?25h[?25l$ git commit -m "Objetos graficos po[0K[?25h[?25l$ git commit -m "Objetos graficos p[0K[?25h[?25l$ git commit -m "Objetos graficos[0K[35G[?25h[34G[?25l$ git commit -m "Objetos grafico[0K[?25h[?25l$ git commit -m "Objetos grafic[0K[?25h[?25l$ git commit -m "Objetos grafi[0K[?25h[?25l$ git commit -m "Objetos graf[0K[?25h[?25l$ git commit -m "Objetos gra[0K[?25h[?25l$ git commit -m "Objetos gr[0K[?25h[?25l$ git commit -m "Objetos g[0K[?25h[?25l$ git commit -m "Objetos[0K[26G[?25h[25G[?25l$ git commit -m "Objeto[0K[?25h[?25l$ git commit -m "Objet[0K[?25h[?25l$ git commit -m "Obje[0K[?25h[?25l$ git commit -m "Obj[0K[?25h[?25l$ git commit -m "Ob[0K[?25h[?25l$ git commit -m "O[0K[?25h[?25l$ git commit -m "[0K[?25hG[0Kr[0Ka[0Kf[0Ki[0Kc[0Ko[0Ks[0K[27G[?25l$ git commit -m "Graficos g[0K[?25hr[0Ka[0Kd[0Ku[0Ka[0Kd[0Ko[0Ks[0K[37G[?25l$ git commit -m "Graficos graduados p[0K[?25ho[0Kr[0K[?25l$ git commit -m "Graficos graduados po[0K[?25hs[0K[41G[?25l$ git commit -m "Graficos graduados pos 2[0K[?25h0[0K1[0K9[0K1[0K"[0K[?25l
[0K[?25h[master 569c7e8] Graficos graduados pos 20191[0K[?25l
 524 files changed, 105832 insertions(+), 114 deletions(-)[0K
 rename .Rproj.user/B994EF53/sources/{s-BC241106 => s-747FAAC0}/4A9B33CA (100%)[0K
 rename .Rproj.user/B994EF53/sources/{s-BC241106 => s-747FAAC0}/4A9B33CA-contents (100%)[0K
 rename .Rproj.user/B994EF53/sources/{s-BC241106 => s-747FAAC0}/lock_file (100%)[0K
 create mode 100644 20191/Nal/Postgrado/A_convenio.html[0K
 create mode 100644 20191/Nal/Postgrado/A_edad.html[0K
 create mode 100644 20191/Nal/Postgrado/A_nacionalidad.html[0K
 create mode 100644 20191/Nal/Postgrado/A_nivel.html[0K
 create mode 100644 20191/Nal/Postgrado/A_sede.html[0K
 create mode 100644 20191/Nal/Postgrado/A_sexo.html[0K
 create mode 100644 20191/Nal/Postgrado/A_snies.html[0K
 create mode 100644 20191/Nal/Postgrado/Nac_col1.html[0K
 create mode 100644 20191/Nal/Postgrado/Nac_comb.html[0K
 create mode 100644 20191/Nal/Postgrado/Nac_dpto.html[0K
 create mode 100644 20191/Nal/Postgrado/Nac_mun.html[0K
 create mode 100644 20191/Nal/Postgrado/S_convenio.html[0K
 create mode 100644 20191/Nal/Postgrado/S_edad.html[0K
 create mode 100644 20191/Nal/Postgrado/S_nacionalidad.html[0K
 create mode 100644 20191/Nal/Postgrado/S_nivel.html[0K
 create mode 100644 20191/Nal/Postgrado/S_sede.html[0K
 create mode 100644 20191/Nal/Postgrado/S_sexo.html[0K
 create mode 100644 20191/Nal/Postgrado/S_snies.html[0K
 create mode 100644 20191/Nal/Postgrado/Serie.html[0K
 create mode 100644 20191/Nal/Postgrado/T_convenio.html[0K
 create mode 100644 20191/Nal/Postgrado/T_edad.html[0K
 create mode 100644 20191/Nal/Postgrado/T_nacionalidad.html[0K
 create mode 100644 20191/Nal/Postgrado/T_nivel.html[0K
 create mode 100644 20191/Nal/Postgrado/T_sede.html[0K
 create mode 100644 20191/Nal/Postgrado/T_sexo.html[0K
 create mode 100644 20191/Nal/Postgrado/T_snies.html[0K
 create mode 100644 20191/Nal/Postgrado/libraryjs/Proj4Leaflet-0.7.2/proj4-compressed.js[0K
 create mode 100644 20191/Nal/Postgrado/libraryjs/Proj4Leaflet-0.7.2/proj4.js[0K
 create mode 100644 20191/Nal/Postgrado/libraryjs/Proj4Leaflet-0.7.2/proj4leaflet.js[0K
 create mode 100644 20191/Nal/Postgrado/libraryjs/bootstrap-3.3.7/bootstrap-theme.min.css[0K
 create mode 100644 20191/Nal/Postgrado/libraryjs/bootstrap-3.3.7/bootstrap.min.css[0K
 create mode 100644 20191/Nal/Postgrado/libraryjs/bootstrap-3.3.7/bootstrap.min.js[0K
 create mode 100644 20191/Nal/Postgrado/libraryjs/bootstrap-3.3.7/font-awesome.min.css[0K
 create mode 100644 20191/Nal/Postgrado/libraryjs/bootstrap-3.3.7/fonts/FontAwesome.otf[0K
 create mode 100644 20191/Nal/Postgrado/libraryjs/bootstrap-3.3.7/fonts/fontawesome-webfont.eot[0K
 create mode 100644 20191/Nal/Postgrado/libraryjs/bootstrap-3.3.7/fonts/fontawesome-webfont.svg[0K
 create mode 100644 20191/Nal/Postgrado/libraryjs/bootstrap-3.3.7/fonts/fontawesome-webfont.ttf[0K
 create mode 100644 20191/Nal/Postgrado/libraryjs/bootstrap-3.3.7/fonts/fontawesome-webfont.wof[0Kf
[0K
 create mode 100644 20191/Nal/Postgrado/libraryjs/bootstrap-3.3.7/fonts/glyphicons-halflings-re[0Kg
ular.eot[0K
 create mode 100644 20191/Nal/Postgrado/libraryjs/bootstrap-3.3.7/fonts/glyphicons-halflings-re[0Kg
ular.svg[0K
 create mode 100644 20191/Nal/Postgrado/libraryjs/bootstrap-3.3.7/fonts/glyphicons-halflings-re[0Kg
ular.ttf[0K
 create mode 100644 20191/Nal/Postgrado/libraryjs/bootstrap-3.3.7/fonts/glyphicons-halflings-re[0Kg
ular.woff[0K
 create mode 100644 20191/Nal/Postgrado/libraryjs/bootstrap-3.3.7/fonts/ionicons.eot[0K
 create mode 100644 20191/Nal/Postgrado/libraryjs/bootstrap-3.3.7/fonts/ionicons.svg[0K
 create mode 100644 20191/Nal/Postgrado/libraryjs/bootstrap-3.3.7/fonts/ionicons.ttf[0K
 create mode 100644 20191/Nal/Postgrado/libraryjs/bootstrap-3.3.7/fonts/ionicons.woff[0K
 create mode 100644 20191/Nal/Postgrado/libraryjs/bootstrap-3.3.7/images/markers-matte.png[0K
 create mode 100644 20191/Nal/Postgrado/libraryjs/bootstrap-3.3.7/images/markers-matte@2x.png[0K
 create mode 100644 20191/Nal/Postgrado/libraryjs/bootstrap-3.3.7/images/markers-plain.png[0K
 create mode 100644 20191/Nal/Postgrado/libraryjs/bootstrap-3.3.7/images/markers-shadow.png[0K
 create mode 100644 20191/Nal/Postgrado/libraryjs/bootstrap-3.3.7/images/markers-shadow@2x.png[0K
 create mode 100644 20191/Nal/Postgrado/libraryjs/bootstrap-3.3.7/images/markers-soft.png[0K
 create mode 100644 20191/Nal/Postgrado/libraryjs/bootstrap-3.3.7/images/markers-soft@2x.png[0K
 create mode 100644 20191/Nal/Postgrado/libraryjs/bootstrap-3.3.7/ionicons.min.css[0K
 create mode 100644 20191/Nal/Postgrado/libraryjs/bootstrap-3.3.7/leaflet.awesome-markers.css[0K
 create mode 100644 20191/Nal/Postgrado/libraryjs/bootstrap-3.3.7/leaflet.awesome-markers.js[0K
 create mode 100644 20191/Nal/Postgrado/libraryjs/bootstrap-3.3.7/leaflet.awesome-markers.min.j[0Ks
[0K
 create mode 100644 20191/Nal/Postgrado/libraryjs/crosstalk-1.0.0/css/crosstalk.css[0K
 create mode 100644 20191/Nal/Postgrado/libraryjs/crosstalk-1.0.0/js/crosstalk.js[0K
 create mode 100644 20191/Nal/Postgrado/libraryjs/crosstalk-1.0.0/js/crosstalk.js.map[0K
 create mode 100644 20191/Nal/Postgrado/libraryjs/crosstalk-1.0.0/js/crosstalk.min.js[0K
 create mode 100644 20191/Nal/Postgrado/libraryjs/crosstalk-1.0.0/js/crosstalk.min.js.map[0K
 create mode 100644 20191/Nal/Postgrado/libraryjs/datatables-binding-0.4/css/datatables-crossta[0Kl
k.css[0K
 create mode 100644 20191/Nal/Postgrado/libraryjs/datatables-binding-0.4/datatables.js[0K
 create mode 100644 20191/Nal/Postgrado/libraryjs/datatables-binding-0.4/datatables.yaml[0K
 create mode 100644 20191/Nal/Postgrado/libraryjs/datatables-binding-0.4/lib/datatables-extensi[0Ko
ns/AutoFill/css/autoFill.bootstrap.min.css[0K
 create mode 100644 20191/Nal/Postgrado/libraryjs/datatables-binding-0.4/lib/datatables-extensi[0Ko
ns/AutoFill/css/autoFill.bootstrap4.min.css[0K
 create mode 100644 20191/Nal/Postgrado/libraryjs/datatables-binding-0.4/lib/datatables-extensi[0Ko
ns/AutoFill/css/autoFill.dataTables.min.css[0K
 create mode 100644 20191/Nal/Postgrado/libraryjs/datatables-binding-0.4/lib/datatables-extensi[0Ko
ns/AutoFill/css/autoFill.foundation.min.css[0K
 create mode 100644 20191/Nal/Postgrado/libraryjs/datatables-binding-0.4/lib/datatables-extensi[0Ko
ns/AutoFill/css/autoFill.jqueryui.min.css[0K
 create mode 100644 20191/Nal/Postgrado/libraryjs/datatables-binding-0.4/lib/datatables-extensi[0Ko
ns/AutoFill/css/autoFill.semanticui.min.css[0K
 create mode 100644 20191/Nal/Postgrado/libraryjs/datatables-binding-0.4/lib/datatables-extensi[0Ko
ns/AutoFill/js/autoFill.bootstrap.min.js[0K
 create mode 100644 20191/Nal/Postgrado/libraryjs/datatables-binding-0.4/lib/datatables-extensi[0Ko
ns/AutoFill/js/autoFill.bootstrap4.min.js[0K
 create mode 100644 20191/Nal/Postgrado/libraryjs/datatables-binding-0.4/lib/datatables-extensi[0Ko
ns/AutoFill/js/autoFill.foundation.min.js[0K
 create mode 100644 20191/Nal/Postgrado/libraryjs/datatables-binding-0.4/lib/datatables-extensi[0Ko
ns/AutoFill/js/autoFill.jqueryui.min.js[0K
 create mode 100644 20191/Nal/Postgrado/libraryjs/datatables-binding-0.4/lib/datatables-extensi[0Ko
ns/AutoFill/js/autoFill.semanticui.min.js[0K
 create mode 100644 20191/Nal/Postgrado/libraryjs/datatables-binding-0.4/lib/datatables-extensi[0Ko
ns/AutoFill/js/dataTables.autoFill.min.js[0K
 create mode 100644 20191/Nal/Postgrado/libraryjs/datatables-binding-0.4/lib/datatables-extensi[0Ko
ns/Buttons/css/buttons.bootstrap.min.css[0K
 create mode 100644 20191/Nal/Postgrado/libraryjs/datatables-binding-0.4/lib/datatables-extensi[0Ko
ns/Buttons/css/buttons.bootstrap4.min.css[0K
 create mode 100644 20191/Nal/Postgrado/libraryjs/datatables-binding-0.4/lib/datatables-extensi[0Ko
ns/Buttons/css/buttons.dataTables.min.css[0K
 create mode 100644 20191/Nal/Postgrado/libraryjs/datatables-binding-0.4/lib/datatables-extensi[0Ko
ns/Buttons/css/buttons.foundation.min.css[0K
 create mode 100644 20191/Nal/Postgrado/libraryjs/datatables-binding-0.4/lib/datatables-extensi[0Ko
ns/Buttons/css/buttons.jqueryui.min.css[0K
 create mode 100644 20191/Nal/Postgrado/libraryjs/datatables-binding-0.4/lib/datatables-extensi[0Ko
ns/Buttons/css/buttons.semanticui.min.css[0K
 create mode 100644 20191/Nal/Postgrado/libraryjs/datatables-binding-0.4/lib/datatables-extensi[0Ko
ns/Buttons/js/buttons.bootstrap.min.js[0K
 create mode 100644 20191/Nal/Postgrado/libraryjs/datatables-binding-0.4/lib/datatables-extensi[0Ko
ns/Buttons/js/buttons.bootstrap4.min.js[0K
 create mode 100644 20191/Nal/Postgrado/libraryjs/datatables-binding-0.4/lib/datatables-extensi[0Ko
ns/Buttons/js/buttons.colVis.min.js[0K
 create mode 100644 20191/Nal/Postgrado/libraryjs/datatables-binding-0.4/lib/datatables-extensi[0Ko
ns/Buttons/js/buttons.flash.min.js[0K
 create mode 100644 20191/Nal/Postgrado/libraryjs/datatables-binding-0.4/lib/datatables-extensi[0Ko
ns/Buttons/js/buttons.foundation.min.js[0K
 create mode 100644 20191/Nal/Postgrado/libraryjs/datatables-binding-0.4/lib/datatables-extensi[0Ko
ns/Buttons/js/buttons.html5.min.js[0K
 create mode 100644 20191/Nal/Postgrado/libraryjs/datatables-binding-0.4/lib/datatables-extensi[0Ko
ns/Buttons/js/buttons.jqueryui.min.js[0K
 create mode 100644 20191/Nal/Postgrado/libraryjs/datatables-binding-0.4/lib/datatables-extensi[0Ko
ns/Buttons/js/buttons.print.min.js[0K
 create mode 100644 20191/Nal/Postgrado/libraryjs/datatables-binding-0.4/lib/datatables-extensi[0Ko
ns/Buttons/js/buttons.semanticui.min.js[0K
 create mode 100644 20191/Nal/Postgrado/libraryjs/datatables-binding-0.4/lib/datatables-extensi[0Ko
ns/Buttons/js/dataTables.buttons.min.js[0K
 create mode 100644 20191/Nal/Postgrado/libraryjs/datatables-binding-0.4/lib/datatables-extensi[0Ko
ns/Buttons/js/jszip.min.js[0K
 create mode 100644 20191/Nal/Postgrado/libraryjs/datatables-binding-0.4/lib/datatables-extensi[0Ko
ns/Buttons/js/pdfmake.min.js[0K
 create mode 100644 20191/Nal/Postgrado/libraryjs/datatables-binding-0.4/lib/datatables-extensi[0Ko
ns/Buttons/js/vfs_fonts.js[0K
 create mode 100644 20191/Nal/Postgrado/libraryjs/datatables-binding-0.4/lib/datatables-extensi[0Ko
ns/Buttons/swf/flashExport.swf[0K
 create mode 100644 20191/Nal/Postgrado/libraryjs/datatables-binding-0.4/lib/datatables-extensi[0Ko
ns/ColReorder/css/colReorder.bootstrap.min.css[0K
 create mode 100644 20191/Nal/Postgrado/libraryjs/datatables-binding-0.4/lib/datatables-extensi[0Ko
ns/ColReorder/css/colReorder.bootstrap4.min.css[0K
 create mode 100644 20191/Nal/Postgrado/libraryjs/datatables-binding-0.4/lib/datatables-extensi[0Ko
ns/ColReorder/css/colReorder.dataTables.min.css[0K
 create mode 100644 20191/Nal/Postgrado/libraryjs/datatables-binding-0.4/lib/datatables-extensi[0Ko
ns/ColReorder/css/colReorder.foundation.min.css[0K
 create mode 100644 20191/Nal/Postgrado/libraryjs/datatables-binding-0.4/lib/datatables-extensi[0Ko
ns/ColReorder/css/colReorder.jqueryui.min.css[0K
 create mode 100644 20191/Nal/Postgrado/libraryjs/datatables-binding-0.4/lib/datatables-extensi[0Ko
ns/ColReorder/css/colReorder.semanticui.min.css[0K
 create mode 100644 20191/Nal/Postgrado/libraryjs/datatables-binding-0.4/lib/datatables-extensi[0Ko
ns/ColReorder/js/dataTables.colReorder.min.js[0K
 create mode 100644 20191/Nal/Postgrado/libraryjs/datatables-binding-0.4/lib/datatables-extensi[0Ko
ns/FixedColumns/css/fixedColumns.bootstrap.min.css[0K
 create mode 100644 20191/Nal/Postgrado/libraryjs/datatables-binding-0.4/lib/datatables-extensi[0Ko
ns/FixedColumns/css/fixedColumns.bootstrap4.min.css[0K
 create mode 100644 20191/Nal/Postgrado/libraryjs/datatables-binding-0.4/lib/datatables-extensi[0Ko
ns/FixedColumns/css/fixedColumns.dataTables.min.css[0K
 create mode 100644 20191/Nal/Postgrado/libraryjs/datatables-binding-0.4/lib/datatables-extensi[0Ko
ns/FixedColumns/css/fixedColumns.foundation.min.css[0K
 create mode 100644 20191/Nal/Postgrado/libraryjs/datatables-binding-0.4/lib/datatables-extensi[0Ko
ns/FixedColumns/css/fixedColumns.jqueryui.min.css[0K
 create mode 100644 20191/Nal/Postgrado/libraryjs/datatables-binding-0.4/lib/datatables-extensi[0Ko
ns/FixedColumns/css/fixedColumns.semanticui.min.css[0K
 create mode 100644 20191/Nal/Postgrado/libraryjs/datatables-binding-0.4/lib/datatables-extensi[0Ko
ns/FixedColumns/js/dataTables.fixedColumns.min.js[0K
 create mode 100644 20191/Nal/Postgrado/libraryjs/datatables-binding-0.4/lib/datatables-extensi[0Ko
ns/FixedHeader/css/fixedHeader.bootstrap.min.css[0K
 create mode 100644 20191/Nal/Postgrado/libraryjs/datatables-binding-0.4/lib/datatables-extensi[0Ko
ns/FixedHeader/css/fixedHeader.bootstrap4.min.css[0K
 create mode 100644 20191/Nal/Postgrado/libraryjs/datatables-binding-0.4/lib/datatables-extensi[0Ko
ns/FixedHeader/css/fixedHeader.dataTables.min.css[0K
 create mode 100644 20191/Nal/Postgrado/libraryjs/datatables-binding-0.4/lib/datatables-extensi[0Ko
ns/FixedHeader/css/fixedHeader.foundation.min.css[0K
 create mode 100644 20191/Nal/Postgrado/libraryjs/datatables-binding-0.4/lib/datatables-extensi[0Ko
ns/FixedHeader/css/fixedHeader.jqueryui.min.css[0K
 create mode 100644 20191/Nal/Postgrado/libraryjs/datatables-binding-0.4/lib/datatables-extensi[0Ko
ns/FixedHeader/css/fixedHeader.semanticui.min.css[0K
 create mode 100644 20191/Nal/Postgrado/libraryjs/datatables-binding-0.4/lib/datatables-extensi[0Ko
ns/FixedHeader/js/dataTables.fixedHeader.min.js[0K
 create mode 100644 20191/Nal/Postgrado/libraryjs/datatables-binding-0.4/lib/datatables-extensi[0Ko
ns/KeyTable/css/keyTable.bootstrap.min.css[0K
 create mode 100644 20191/Nal/Postgrado/libraryjs/datatables-binding-0.4/lib/datatables-extensi[0Ko
ns/KeyTable/css/keyTable.bootstrap4.min.css[0K
 create mode 100644 20191/Nal/Postgrado/libraryjs/datatables-binding-0.4/lib/datatables-extensi[0Ko
ns/KeyTable/css/keyTable.dataTables.min.css[0K
 create mode 100644 20191/Nal/Postgrado/libraryjs/datatables-binding-0.4/lib/datatables-extensi[0Ko
ns/KeyTable/css/keyTable.foundation.min.css[0K
 create mode 100644 20191/Nal/Postgrado/libraryjs/datatables-binding-0.4/lib/datatables-extensi[0Ko
ns/KeyTable/css/keyTable.jqueryui.min.css[0K
 create mode 100644 20191/Nal/Postgrado/libraryjs/datatables-binding-0.4/lib/datatables-extensi[0Ko
ns/KeyTable/css/keyTable.semanticui.min.css[0K
 create mode 100644 20191/Nal/Postgrado/libraryjs/datatables-binding-0.4/lib/datatables-extensi[0Ko
ns/KeyTable/js/dataTables.keyTable.min.js[0K
 create mode 100644 20191/Nal/Postgrado/libraryjs/datatables-binding-0.4/lib/datatables-extensi[0Ko
ns/Responsive/css/responsive.bootstrap.min.css[0K
 create mode 100644 20191/Nal/Postgrado/libraryjs/datatables-binding-0.4/lib/datatables-extensi[0Ko
ns/Responsive/css/responsive.bootstrap4.min.css[0K
 create mode 100644 20191/Nal/Postgrado/libraryjs/datatables-binding-0.4/lib/datatables-extensi[0Ko
ns/Responsive/css/responsive.dataTables.min.css[0K
 create mode 100644 20191/Nal/Postgrado/libraryjs/datatables-binding-0.4/lib/datatables-extensi[0Ko
ns/Responsive/css/responsive.foundation.min.css[0K
 create mode 100644 20191/Nal/Postgrado/libraryjs/datatables-binding-0.4/lib/datatables-extensi[0Ko
ns/Responsive/css/responsive.jqueryui.min.css[0K
 create mode 100644 20191/Nal/Postgrado/libraryjs/datatables-binding-0.4/lib/datatables-extensi[0Ko
ns/Responsive/css/responsive.semanticui.min.css[0K
 create mode 100644 20191/Nal/Postgrado/libraryjs/datatables-binding-0.4/lib/datatables-extensi[0Ko
ns/Responsive/js/dataTables.responsive.min.js[0K
 create mode 100644 20191/Nal/Postgrado/libraryjs/datatables-binding-0.4/lib/datatables-extensi[0Ko
ns/Responsive/js/responsive.bootstrap.min.js[0K
 create mode 100644 20191/Nal/Postgrado/libraryjs/datatables-binding-0.4/lib/datatables-extensi[0Ko
ns/Responsive/js/responsive.bootstrap4.min.js[0K
 create mode 100644 20191/Nal/Postgrado/libraryjs/datatables-binding-0.4/lib/datatables-extensi[0Ko
ns/Responsive/js/responsive.foundation.min.js[0K
 create mode 100644 20191/Nal/Postgrado/libraryjs/datatables-binding-0.4/lib/datatables-extensi[0Ko
ns/Responsive/js/responsive.jqueryui.min.js[0K
 create mode 100644 20191/Nal/Postgrado/libraryjs/datatables-binding-0.4/lib/datatables-extensi[0Ko
ns/Responsive/js/responsive.semanticui.min.js[0K
 create mode 100644 20191/Nal/Postgrado/libraryjs/datatables-binding-0.4/lib/datatables-extensi[0Ko
ns/RowGroup/css/rowGroup.bootstrap.min.css[0K
 create mode 100644 20191/Nal/Postgrado/libraryjs/datatables-binding-0.4/lib/datatables-extensi[0Ko
ns/RowGroup/css/rowGroup.bootstrap4.min.css[0K
 create mode 100644 20191/Nal/Postgrado/libraryjs/datatables-binding-0.4/lib/datatables-extensi[0Ko
ns/RowGroup/css/rowGroup.dataTables.min.css[0K
 create mode 100644 20191/Nal/Postgrado/libraryjs/datatables-binding-0.4/lib/datatables-extensi[0Ko
ns/RowGroup/css/rowGroup.foundation.min.css[0K
 create mode 100644 20191/Nal/Postgrado/libraryjs/datatables-binding-0.4/lib/datatables-extensi[0Ko
ns/RowGroup/css/rowGroup.jqueryui.min.css[0K
 create mode 100644 20191/Nal/Postgrado/libraryjs/datatables-binding-0.4/lib/datatables-extensi[0Ko
ns/RowGroup/css/rowGroup.semanticui.min.css[0K
 create mode 100644 20191/Nal/Postgrado/libraryjs/datatables-binding-0.4/lib/datatables-extensi[0Ko
ns/RowGroup/js/dataTables.rowGroup.min.js[0K
 create mode 100644 20191/Nal/Postgrado/libraryjs/datatables-binding-0.4/lib/datatables-extensi[0Ko
ns/RowReorder/css/rowReorder.bootstrap.min.css[0K
 create mode 100644 20191/Nal/Postgrado/libraryjs/datatables-binding-0.4/lib/datatables-extensi[0Ko
ns/RowReorder/css/rowReorder.bootstrap4.min.css[0K
 create mode 100644 20191/Nal/Postgrado/libraryjs/datatables-binding-0.4/lib/datatables-extensi[0Ko
ns/RowReorder/css/rowReorder.dataTables.min.css[0K
 create mode 100644 20191/Nal/Postgrado/libraryjs/datatables-binding-0.4/lib/datatables-extensi[0Ko
ns/RowReorder/css/rowReorder.foundation.min.css[0K
 create mode 100644 20191/Nal/Postgrado/libraryjs/datatables-binding-0.4/lib/datatables-extensi[0Ko
ns/RowReorder/css/rowReorder.jqueryui.min.css[0K
 create mode 100644 20191/Nal/Postgrado/libraryjs/datatables-binding-0.4/lib/datatables-extensi[0Ko
ns/RowReorder/css/rowReorder.semanticui.min.css[0K
 create mode 100644 20191/Nal/Postgrado/libraryjs/datatables-binding-0.4/lib/datatables-extensi[0Ko
ns/RowReorder/js/dataTables.rowReorder.min.js[0K
 create mode 100644 20191/Nal/Postgrado/libraryjs/datatables-binding-0.4/lib/datatables-extensi[0Ko
ns/Scroller/css/scroller.bootstrap.min.css[0K
 create mode 100644 20191/Nal/Postgrado/libraryjs/datatables-binding-0.4/lib/datatables-extensi[0Ko
ns/Scroller/css/scroller.bootstrap4.min.css[0K
 create mode 100644 20191/Nal/Postgrado/libraryjs/datatables-binding-0.4/lib/datatables-extensi[0Ko
ns/Scroller/css/scroller.dataTables.min.css[0K
 create mode 100644 20191/Nal/Postgrado/libraryjs/datatables-binding-0.4/lib/datatables-extensi[0Ko
ns/Scroller/css/scroller.foundation.min.css[0K
 create mode 100644 20191/Nal/Postgrado/libraryjs/datatables-binding-0.4/lib/datatables-extensi[0Ko
ns/Scroller/css/scroller.jqueryui.min.css[0K
 create mode 100644 20191/Nal/Postgrado/libraryjs/datatables-binding-0.4/lib/datatables-extensi[0Ko
ns/Scroller/css/scroller.semanticui.min.css[0K
 create mode 100644 20191/Nal/Postgrado/libraryjs/datatables-binding-0.4/lib/datatables-extensi[0Ko
ns/Scroller/js/dataTables.scroller.min.js[0K
 create mode 100644 20191/Nal/Postgrado/libraryjs/datatables-binding-0.4/lib/datatables-extensi[0Ko
ns/Select/css/select.bootstrap.min.css[0K
 create mode 100644 20191/Nal/Postgrado/libraryjs/datatables-binding-0.4/lib/datatables-extensi[0Ko
ns/Select/css/select.bootstrap4.min.css[0K
 create mode 100644 20191/Nal/Postgrado/libraryjs/datatables-binding-0.4/lib/datatables-extensi[0Ko
ns/Select/css/select.dataTables.min.css[0K
 create mode 100644 20191/Nal/Postgrado/libraryjs/datatables-binding-0.4/lib/datatables-extensi[0Ko
ns/Select/css/select.foundation.min.css[0K
 create mode 100644 20191/Nal/Postgrado/libraryjs/datatables-binding-0.4/lib/datatables-extensi[0Ko
ns/Select/css/select.jqueryui.min.css[0K
 create mode 100644 20191/Nal/Postgrado/libraryjs/datatables-binding-0.4/lib/datatables-extensi[0Ko
ns/Select/css/select.semanticui.min.css[0K
 create mode 100644 20191/Nal/Postgrado/libraryjs/datatables-binding-0.4/lib/datatables-extensi[0Ko
ns/Select/js/dataTables.select.min.js[0K
 create mode 100644 20191/Nal/Postgrado/libraryjs/datatables-binding-0.4/lib/datatables-plugins[0K/
natural/natural.js[0K
 create mode 100644 20191/Nal/Postgrado/libraryjs/datatables-binding-0.4/lib/datatables-plugins[0K/
searchHighlight/dataTables.searchHighlight.css[0K
 create mode 100644 20191/Nal/Postgrado/libraryjs/datatables-binding-0.4/lib/datatables-plugins[0K/
searchHighlight/dataTables.searchHighlight.min.js[0K
 create mode 100644 20191/Nal/Postgrado/libraryjs/datatables-binding-0.4/lib/datatables-plugins[0K/
searchHighlight/jquery.highlight.js[0K
 create mode 100644 20191/Nal/Postgrado/libraryjs/datatables-binding-0.4/lib/datatables/css/dat[0Ka
Tables.bootstrap.extra.css[0K
 create mode 100644 20191/Nal/Postgrado/libraryjs/datatables-binding-0.4/lib/datatables/css/dat[0Ka
Tables.bootstrap.min.css[0K
 create mode 100644 20191/Nal/Postgrado/libraryjs/datatables-binding-0.4/lib/datatables/css/dat[0Ka
Tables.bootstrap4.min.css[0K
 create mode 100644 20191/Nal/Postgrado/libraryjs/datatables-binding-0.4/lib/datatables/css/dat[0Ka
Tables.foundation.min.css[0K
 create mode 100644 20191/Nal/Postgrado/libraryjs/datatables-binding-0.4/lib/datatables/css/dat[0Ka
Tables.jqueryui.min.css[0K
 create mode 100644 20191/Nal/Postgrado/libraryjs/datatables-binding-0.4/lib/datatables/css/dat[0Ka
Tables.material.min.css[0K
 create mode 100644 20191/Nal/Postgrado/libraryjs/datatables-binding-0.4/lib/datatables/css/dat[0Ka
Tables.semanticui.min.css[0K
 create mode 100644 20191/Nal/Postgrado/libraryjs/datatables-binding-0.4/lib/datatables/css/dat[0Ka
Tables.uikit.min.css[0K
 create mode 100644 20191/Nal/Postgrado/libraryjs/datatables-binding-0.4/lib/datatables/css/jqu[0Ke
ry.dataTables.extra.css[0K
 create mode 100644 20191/Nal/Postgrado/libraryjs/datatables-binding-0.4/lib/datatables/css/jqu[0Ke
ry.dataTables.min.css[0K
 create mode 100644 20191/Nal/Postgrado/libraryjs/datatables-binding-0.4/lib/datatables/js/data[0KT
ables.bootstrap.min.js[0K
 create mode 100644 20191/Nal/Postgrado/libraryjs/datatables-binding-0.4/lib/datatables/js/data[0KT
ables.bootstrap4.min.js[0K
 create mode 100644 20191/Nal/Postgrado/libraryjs/datatables-binding-0.4/lib/datatables/js/data[0KT
ables.foundation.min.js[0K
 create mode 100644 20191/Nal/Postgrado/libraryjs/datatables-binding-0.4/lib/datatables/js/data[0KT
ables.jqueryui.min.js[0K
 create mode 100644 20191/Nal/Postgrado/libraryjs/datatables-binding-0.4/lib/datatables/js/data[0KT
ables.material.min.js[0K
 create mode 100644 20191/Nal/Postgrado/libraryjs/datatables-binding-0.4/lib/datatables/js/data[0KT
ables.semanticui.min.js[0K
 create mode 100644 20191/Nal/Postgrado/libraryjs/datatables-binding-0.4/lib/datatables/js/data[0KT
ables.uikit.min.js[0K
 create mode 100644 20191/Nal/Postgrado/libraryjs/datatables-binding-0.4/lib/datatables/js/jque[0Kr
y.dataTables.min.js[0K
 create mode 100644 20191/Nal/Postgrado/libraryjs/datatables-binding-0.4/lib/datatables/license[0K.
txt[0K
 create mode 100644 20191/Nal/Postgrado/libraryjs/datatables-binding-0.4/lib/jquery/LICENSE.txt[0K
 create mode 100644 20191/Nal/Postgrado/libraryjs/datatables-binding-0.4/lib/jquery/jquery.min.[0Kj
s[0K
 create mode 100644 20191/Nal/Postgrado/libraryjs/datatables-binding-0.4/lib/nouislider/jquery.[0Kn
ouislider.min.css[0K
 create mode 100644 20191/Nal/Postgrado/libraryjs/datatables-binding-0.4/lib/nouislider/jquery.[0Kn
ouislider.min.js[0K
 create mode 100644 20191/Nal/Postgrado/libraryjs/datatables-binding-0.4/lib/selectize/selectiz[0Ke
.bootstrap3.css[0K
 create mode 100644 20191/Nal/Postgrado/libraryjs/datatables-binding-0.4/lib/selectize/selectiz[0Ke
.min.js[0K
 create mode 100644 20191/Nal/Postgrado/libraryjs/datatables-css-0.0.0/datatables-crosstalk.css[0K
 create mode 100644 20191/Nal/Postgrado/libraryjs/dt-core-1.10.16/css/jquery.dataTables.extra.c[0Ks
s[0K
 create mode 100644 20191/Nal/Postgrado/libraryjs/dt-core-1.10.16/css/jquery.dataTables.min.css[0K
 create mode 100644 20191/Nal/Postgrado/libraryjs/dt-core-1.10.16/js/jquery.dataTables.min.js[0K
 create mode 100644 20191/Nal/Postgrado/libraryjs/dt-ext-buttons-1.10.16/css/buttons.dataTables[0K.
min.css[0K
 create mode 100644 20191/Nal/Postgrado/libraryjs/dt-ext-buttons-1.10.16/js/buttons.colVis.min.[0Kj
s[0K
 create mode 100644 20191/Nal/Postgrado/libraryjs/dt-ext-buttons-1.10.16/js/buttons.flash.min.j[0Ks
[0K
 create mode 100644 20191/Nal/Postgrado/libraryjs/dt-ext-buttons-1.10.16/js/buttons.html5.min.j[0Ks
[0K
 create mode 100644 20191/Nal/Postgrado/libraryjs/dt-ext-buttons-1.10.16/js/buttons.print.min.j[0Ks
[0K
 create mode 100644 20191/Nal/Postgrado/libraryjs/dt-ext-buttons-1.10.16/js/dataTables.buttons.[0Km
in.js[0K
 create mode 100644 20191/Nal/Postgrado/libraryjs/dt-ext-keytable-1.10.16/css/keyTable.dataTabl[0Ke
s.min.css[0K
 create mode 100644 20191/Nal/Postgrado/libraryjs/dt-ext-keytable-1.10.16/js/dataTables.keyTabl[0Ke
.min.js[0K
 create mode 100644 20191/Nal/Postgrado/libraryjs/dt-ext-responsive-1.10.16/css/responsive.data[0KT
ables.min.css[0K
 create mode 100644 20191/Nal/Postgrado/libraryjs/dt-ext-responsive-1.10.16/js/dataTables.respo[0Kn
sive.min.js[0K
 create mode 100644 20191/Nal/Postgrado/libraryjs/dt-plugin-searchhighlight-1.10.16/dataTables.[0Ks
earchHighlight.css[0K
 create mode 100644 20191/Nal/Postgrado/libraryjs/dt-plugin-searchhighlight-1.10.16/dataTables.[0Ks
earchHighlight.min.js[0K
 create mode 100644 20191/Nal/Postgrado/libraryjs/dt-plugin-searchhighlight-1.10.16/jquery.high[0Kl
ight.js[0K
 create mode 100644 20191/Nal/Postgrado/libraryjs/highchart-binding-0.6.0/highchart.js[0K
 create mode 100644 20191/Nal/Postgrado/libraryjs/highchart-binding-0.6.0/highchart.yaml[0K
 create mode 100644 20191/Nal/Postgrado/libraryjs/highchart-binding-0.6.0/highchart2.js[0K
 create mode 100644 20191/Nal/Postgrado/libraryjs/highchart-binding-0.6.0/highchart2.yaml[0K
 create mode 100644 20191/Nal/Postgrado/libraryjs/highchart-binding-0.6.0/highchartct.js[0K
 create mode 100644 20191/Nal/Postgrado/libraryjs/highchart-binding-0.6.0/highchartct.yaml[0K
 create mode 100644 20191/Nal/Postgrado/libraryjs/highchart-binding-0.6.0/highchartzero.js[0K
 create mode 100644 20191/Nal/Postgrado/libraryjs/highchart-binding-0.6.0/highchartzero.yaml[0K
 create mode 100644 20191/Nal/Postgrado/libraryjs/highchart-binding-0.6.0/lib/highcharts-6.0.3/[0Kc
ss/motion.css[0K
 create mode 100644 20191/Nal/Postgrado/libraryjs/highchart-binding-0.6.0/lib/highcharts-6.0.3/[0Kc
ustom/reset.js[0K
 create mode 100644 20191/Nal/Postgrado/libraryjs/highchart-binding-0.6.0/lib/highcharts-6.0.3/[0Kc
ustom/symbols-extra.js[0K
 create mode 100644 20191/Nal/Postgrado/libraryjs/highchart-binding-0.6.0/lib/highcharts-6.0.3/[0Kc
ustom/text-symbols.js[0K
 create mode 100644 20191/Nal/Postgrado/libraryjs/highchart-binding-0.6.0/lib/highcharts-6.0.3/[0Kh
ighcharts-3d.js[0K
 create mode 100644 20191/Nal/Postgrado/libraryjs/highchart-binding-0.6.0/lib/highcharts-6.0.3/[0Kh
ighcharts-more.js[0K
 create mode 100644 20191/Nal/Postgrado/libraryjs/highchart-binding-0.6.0/lib/highcharts-6.0.3/[0Kh
ighcharts.js[0K
 create mode 100644 20191/Nal/Postgrado/libraryjs/highchart-binding-0.6.0/lib/highcharts-6.0.3/[0Km
aps/modules/map.js[0K
 create mode 100644 20191/Nal/Postgrado/libraryjs/highchart-binding-0.6.0/lib/highcharts-6.0.3/[0Km
odules/accessibility.js[0K
 create mode 100644 20191/Nal/Postgrado/libraryjs/highchart-binding-0.6.0/lib/highcharts-6.0.3/[0Km
odules/annotations.js[0K
 create mode 100644 20191/Nal/Postgrado/libraryjs/highchart-binding-0.6.0/lib/highcharts-6.0.3/[0Km
odules/boost-canvas.js[0K
 create mode 100644 20191/Nal/Postgrado/libraryjs/highchart-binding-0.6.0/lib/highcharts-6.0.3/[0Km
odules/boost.js[0K
 create mode 100644 20191/Nal/Postgrado/libraryjs/highchart-binding-0.6.0/lib/highcharts-6.0.3/[0Km
odules/broken-axis.js[0K
 create mode 100644 20191/Nal/Postgrado/libraryjs/highchart-binding-0.6.0/lib/highcharts-6.0.3/[0Km
odules/bullet.js[0K
 create mode 100644 20191/Nal/Postgrado/libraryjs/highchart-binding-0.6.0/lib/highcharts-6.0.3/[0Km
odules/data.js[0K
 create mode 100644 20191/Nal/Postgrado/libraryjs/highchart-binding-0.6.0/lib/highcharts-6.0.3/[0Km
odules/drag-panes.js[0K
 create mode 100644 20191/Nal/Postgrado/libraryjs/highchart-binding-0.6.0/lib/highcharts-6.0.3/[0Km
odules/drilldown.js[0K
 create mode 100644 20191/Nal/Postgrado/libraryjs/highchart-binding-0.6.0/lib/highcharts-6.0.3/[0Km
odules/export-data.js[0K
 create mode 100644 20191/Nal/Postgrado/libraryjs/highchart-binding-0.6.0/lib/highcharts-6.0.3/[0Km
odules/exporting.js[0K
 create mode 100644 20191/Nal/Postgrado/libraryjs/highchart-binding-0.6.0/lib/highcharts-6.0.3/[0Km
odules/funnel.js[0K
 create mode 100644 20191/Nal/Postgrado/libraryjs/highchart-binding-0.6.0/lib/highcharts-6.0.3/[0Km
odules/gantt.js[0K
 create mode 100644 20191/Nal/Postgrado/libraryjs/highchart-binding-0.6.0/lib/highcharts-6.0.3/[0Km
odules/grid-axis.js[0K
 create mode 100644 20191/Nal/Postgrado/libraryjs/highchart-binding-0.6.0/lib/highcharts-6.0.3/[0Km
odules/heatmap.js[0K
 create mode 100644 20191/Nal/Postgrado/libraryjs/highchart-binding-0.6.0/lib/highcharts-6.0.3/[0Km
odules/histogram-bellcurve.js[0K
 create mode 100644 20191/Nal/Postgrado/libraryjs/highchart-binding-0.6.0/lib/highcharts-6.0.3/[0Km
odules/item-series.js[0K
 create mode 100644 20191/Nal/Postgrado/libraryjs/highchart-binding-0.6.0/lib/highcharts-6.0.3/[0Km
odules/no-data-to-display.js[0K
 create mode 100644 20191/Nal/Postgrado/libraryjs/highchart-binding-0.6.0/lib/highcharts-6.0.3/[0Km
odules/offline-exporting.js[0K
 create mode 100644 20191/Nal/Postgrado/libraryjs/highchart-binding-0.6.0/lib/highcharts-6.0.3/[0Km
odules/oldie.js[0K
 create mode 100644 20191/Nal/Postgrado/libraryjs/highchart-binding-0.6.0/lib/highcharts-6.0.3/[0Km
odules/overlapping-datalabels.js[0K
 create mode 100644 20191/Nal/Postgrado/libraryjs/highchart-binding-0.6.0/lib/highcharts-6.0.3/[0Km
odules/parallel-coordinates.js[0K
 create mode 100644 20191/Nal/Postgrado/libraryjs/highchart-binding-0.6.0/lib/highcharts-6.0.3/[0Km
odules/pareto.js[0K
 create mode 100644 20191/Nal/Postgrado/libraryjs/highchart-binding-0.6.0/lib/highcharts-6.0.3/[0Km
odules/sankey.js[0K
 create mode 100644 20191/Nal/Postgrado/libraryjs/highchart-binding-0.6.0/lib/highcharts-6.0.3/[0Km
odules/series-label.js[0K
 create mode 100644 20191/Nal/Postgrado/libraryjs/highchart-binding-0.6.0/lib/highcharts-6.0.3/[0Km
odules/solid-gauge.js[0K
 create mode 100644 20191/Nal/Postgrado/libraryjs/highchart-binding-0.6.0/lib/highcharts-6.0.3/[0Km
odules/static-scale.js[0K
 create mode 100644 20191/Nal/Postgrado/libraryjs/highchart-binding-0.6.0/lib/highcharts-6.0.3/[0Km
odules/stock.js[0K
 create mode 100644 20191/Nal/Postgrado/libraryjs/highchart-binding-0.6.0/lib/highcharts-6.0.3/[0Km
odules/streamgraph.js[0K
 create mode 100644 20191/Nal/Postgrado/libraryjs/highchart-binding-0.6.0/lib/highcharts-6.0.3/[0Km
odules/sunburst.js[0K
 create mode 100644 20191/Nal/Postgrado/libraryjs/highchart-binding-0.6.0/lib/highcharts-6.0.3/[0Km
odules/treemap.js[0K
 create mode 100644 20191/Nal/Postgrado/libraryjs/highchart-binding-0.6.0/lib/highcharts-6.0.3/[0Km
odules/variable-pie.js[0K
 create mode 100644 20191/Nal/Postgrado/libraryjs/highchart-binding-0.6.0/lib/highcharts-6.0.3/[0Km
odules/variwide.js[0K
 create mode 100644 20191/Nal/Postgrado/libraryjs/highchart-binding-0.6.0/lib/highcharts-6.0.3/[0Km
odules/vector.js[0K
 create mode 100644 20191/Nal/Postgrado/libraryjs/highchart-binding-0.6.0/lib/highcharts-6.0.3/[0Km
odules/windbarb.js[0K
 create mode 100644 20191/Nal/Postgrado/libraryjs/highchart-binding-0.6.0/lib/highcharts-6.0.3/[0Km
odules/wordcloud.js[0K
 create mode 100644 20191/Nal/Postgrado/libraryjs/highchart-binding-0.6.0/lib/highcharts-6.0.3/[0Km
odules/xrange.js[0K
 create mode 100644 20191/Nal/Postgrado/libraryjs/highchart-binding-0.6.0/lib/highcharts-6.0.3/[0Kp
lugins/annotations.js[0K
 create mode 100644 20191/Nal/Postgrado/libraryjs/highchart-binding-0.6.0/lib/highcharts-6.0.3/[0Kp
lugins/draggable-legend.js[0K
 create mode 100644 20191/Nal/Postgrado/libraryjs/highchart-binding-0.6.0/lib/highcharts-6.0.3/[0Kp
lugins/draggable-points.js[0K
 create mode 100644 20191/Nal/Postgrado/libraryjs/highchart-binding-0.6.0/lib/highcharts-6.0.3/[0Kp
lugins/export-csv.js[0K
 create mode 100644 20191/Nal/Postgrado/libraryjs/highchart-binding-0.6.0/lib/highcharts-6.0.3/[0Kp
lugins/grouped-categories.js[0K
 create mode 100644 20191/Nal/Postgrado/libraryjs/highchart-binding-0.6.0/lib/highcharts-6.0.3/[0Kp
lugins/highcharts-regression.js[0K
 create mode 100644 20191/Nal/Postgrado/libraryjs/highchart-binding-0.6.0/lib/highcharts-6.0.3/[0Kp
lugins/motion.js[0K
 create mode 100644 20191/Nal/Postgrado/libraryjs/highchart-binding-0.6.0/lib/highcharts-6.0.3/[0Kp
lugins/multicolor_series.js[0K
 create mode 100644 20191/Nal/Postgrado/libraryjs/highchart-binding-0.6.0/lib/highcharts-6.0.3/[0Kp
lugins/pattern-fill-v2.js[0K
 create mode 100644 20191/Nal/Postgrado/libraryjs/highchart-binding-0.6.0/lib/highcharts-6.0.3/[0Kp
lugins/tooltip-delay.js[0K
 create mode 100644 20191/Nal/Postgrado/libraryjs/highchart-binding-0.6.0/lib/highcharts-6.0.3/[0Ks
tock/highstock.js[0K
 create mode 100644 20191/Nal/Postgrado/libraryjs/highchart-binding-0.6.0/lib/htmlwdgtgrid/html[0Kw
dgtgrid.css[0K
 create mode 100644 20191/Nal/Postgrado/libraryjs/highchart-binding-0.6.0/lib/jquery/jquery.min[0K.
js[0K
 create mode 100644 20191/Nal/Postgrado/libraryjs/highchart-binding-0.6.0/lib/proj4js/proj4.js[0K
 create mode 100644 20191/Nal/Postgrado/libraryjs/highcharts-6.0.3/css/motion.css[0K
 create mode 100644 20191/Nal/Postgrado/libraryjs/highcharts-6.0.3/custom/reset.js[0K
 create mode 100644 20191/Nal/Postgrado/libraryjs/highcharts-6.0.3/custom/symbols-extra.js[0K
 create mode 100644 20191/Nal/Postgrado/libraryjs/highcharts-6.0.3/custom/text-symbols.js[0K
 create mode 100644 20191/Nal/Postgrado/libraryjs/highcharts-6.0.3/highcharts-3d.js[0K
 create mode 100644 20191/Nal/Postgrado/libraryjs/highcharts-6.0.3/highcharts-more.js[0K
 create mode 100644 20191/Nal/Postgrado/libraryjs/highcharts-6.0.3/highcharts.js[0K
 create mode 100644 20191/Nal/Postgrado/libraryjs/highcharts-6.0.3/maps/modules/map.js[0K
 create mode 100644 20191/Nal/Postgrado/libraryjs/highcharts-6.0.3/modules/accessibility.js[0K
 create mode 100644 20191/Nal/Postgrado/libraryjs/highcharts-6.0.3/modules/annotations.js[0K
 create mode 100644 20191/Nal/Postgrado/libraryjs/highcharts-6.0.3/modules/boost-canvas.js[0K
 create mode 100644 20191/Nal/Postgrado/libraryjs/highcharts-6.0.3/modules/boost.js[0K
 create mode 100644 20191/Nal/Postgrado/libraryjs/highcharts-6.0.3/modules/broken-axis.js[0K
 create mode 100644 20191/Nal/Postgrado/libraryjs/highcharts-6.0.3/modules/bullet.js[0K
 create mode 100644 20191/Nal/Postgrado/libraryjs/highcharts-6.0.3/modules/data.js[0K
 create mode 100644 20191/Nal/Postgrado/libraryjs/highcharts-6.0.3/modules/drag-panes.js[0K
 create mode 100644 20191/Nal/Postgrado/libraryjs/highcharts-6.0.3/modules/drilldown.js[0K
 create mode 100644 20191/Nal/Postgrado/libraryjs/highcharts-6.0.3/modules/export-data.js[0K
 create mode 100644 20191/Nal/Postgrado/libraryjs/highcharts-6.0.3/modules/exporting.js[0K
 create mode 100644 20191/Nal/Postgrado/libraryjs/highcharts-6.0.3/modules/funnel.js[0K
 create mode 100644 20191/Nal/Postgrado/libraryjs/highcharts-6.0.3/modules/gantt.js[0K
 create mode 100644 20191/Nal/Postgrado/libraryjs/highcharts-6.0.3/modules/grid-axis.js[0K
 create mode 100644 20191/Nal/Postgrado/libraryjs/highcharts-6.0.3/modules/heatmap.js[0K
 create mode 100644 20191/Nal/Postgrado/libraryjs/highcharts-6.0.3/modules/histogram-bellcurve.[0Kj
s[0K
 create mode 100644 20191/Nal/Postgrado/libraryjs/highcharts-6.0.3/modules/item-series.js[0K
 create mode 100644 20191/Nal/Postgrado/libraryjs/highcharts-6.0.3/modules/no-data-to-display.j[0Ks
[0K
 create mode 100644 20191/Nal/Postgrado/libraryjs/highcharts-6.0.3/modules/offline-exporting.js[0K
 create mode 100644 20191/Nal/Postgrado/libraryjs/highcharts-6.0.3/modules/oldie.js[0K
 create mode 100644 20191/Nal/Postgrado/libraryjs/highcharts-6.0.3/modules/overlapping-datalabe[0Kl
s.js[0K
 create mode 100644 20191/Nal/Postgrado/libraryjs/highcharts-6.0.3/modules/parallel-coordinates[0K.
js[0K
 create mode 100644 20191/Nal/Postgrado/libraryjs/highcharts-6.0.3/modules/pareto.js[0K
 create mode 100644 20191/Nal/Postgrado/libraryjs/highcharts-6.0.3/modules/sankey.js[0K
 create mode 100644 20191/Nal/Postgrado/libraryjs/highcharts-6.0.3/modules/series-label.js[0K
 create mode 100644 20191/Nal/Postgrado/libraryjs/highcharts-6.0.3/modules/solid-gauge.js[0K
 create mode 100644 20191/Nal/Postgrado/libraryjs/highcharts-6.0.3/modules/static-scale.js[0K
 create mode 100644 20191/Nal/Postgrado/libraryjs/highcharts-6.0.3/modules/stock.js[0K
 create mode 100644 20191/Nal/Postgrado/libraryjs/highcharts-6.0.3/modules/streamgraph.js[0K
 create mode 100644 20191/Nal/Postgrado/libraryjs/highcharts-6.0.3/modules/sunburst.js[0K
 create mode 100644 20191/Nal/Postgrado/libraryjs/highcharts-6.0.3/modules/treemap.js[0K
 create mode 100644 20191/Nal/Postgrado/libraryjs/highcharts-6.0.3/modules/variable-pie.js[0K
 create mode 100644 20191/Nal/Postgrado/libraryjs/highcharts-6.0.3/modules/variwide.js[0K
 create mode 100644 20191/Nal/Postgrado/libraryjs/highcharts-6.0.3/modules/vector.js[0K
 create mode 100644 20191/Nal/Postgrado/libraryjs/highcharts-6.0.3/modules/windbarb.js[0K
 create mode 100644 20191/Nal/Postgrado/libraryjs/highcharts-6.0.3/modules/wordcloud.js[0K
 create mode 100644 20191/Nal/Postgrado/libraryjs/highcharts-6.0.3/modules/xrange.js[0K
 create mode 100644 20191/Nal/Postgrado/libraryjs/highcharts-6.0.3/plugins/annotations.js[0K
 create mode 100644 20191/Nal/Postgrado/libraryjs/highcharts-6.0.3/plugins/draggable-legend.js[0K
 create mode 100644 20191/Nal/Postgrado/libraryjs/highcharts-6.0.3/plugins/draggable-points.js[0K
 create mode 100644 20191/Nal/Postgrado/libraryjs/highcharts-6.0.3/plugins/export-csv.js[0K
 create mode 100644 20191/Nal/Postgrado/libraryjs/highcharts-6.0.3/plugins/grouped-categories.j[0Ks
[0K
 create mode 100644 20191/Nal/Postgrado/libraryjs/highcharts-6.0.3/plugins/highcharts-regressio[0Kn
.js[0K
 create mode 100644 20191/Nal/Postgrado/libraryjs/highcharts-6.0.3/plugins/motion.js[0K
 create mode 100644 20191/Nal/Postgrado/libraryjs/highcharts-6.0.3/plugins/multicolor_series.js[0K
 create mode 100644 20191/Nal/Postgrado/libraryjs/highcharts-6.0.3/plugins/pattern-fill-v2.js[0K
 create mode 100644 20191/Nal/Postgrado/libraryjs/highcharts-6.0.3/plugins/tooltip-delay.js[0K
 create mode 100644 20191/Nal/Postgrado/libraryjs/highcharts-6.0.3/stock/highstock.js[0K
 create mode 100644 20191/Nal/Postgrado/libraryjs/htmlwdgtgrid-1/htmlwdgtgrid.css[0K
 create mode 100644 20191/Nal/Postgrado/libraryjs/htmlwidgets-1.2/htmlwidgets.js[0K
 create mode 100644 20191/Nal/Postgrado/libraryjs/jquery-1.11.1/jquery.min.js[0K
 create mode 100644 20191/Nal/Postgrado/libraryjs/jquery-1.12.4/jquery.js[0K
 create mode 100644 20191/Nal/Postgrado/libraryjs/jquery-1.12.4/jquery.min.js[0K
 create mode 100644 20191/Nal/Postgrado/libraryjs/jszip-1.10.16/jszip.min.js[0K
 create mode 100644 20191/Nal/Postgrado/libraryjs/leaflet-0.7.7/images/1px.png[0K
 create mode 100644 20191/Nal/Postgrado/libraryjs/leaflet-0.7.7/images/layers-2x.png[0K
 create mode 100644 20191/Nal/Postgrado/libraryjs/leaflet-0.7.7/images/layers.png[0K
 create mode 100644 20191/Nal/Postgrado/libraryjs/leaflet-0.7.7/images/marker-icon-2x.png[0K
 create mode 100644 20191/Nal/Postgrado/libraryjs/leaflet-0.7.7/images/marker-icon.png[0K
 create mode 100644 20191/Nal/Postgrado/libraryjs/leaflet-0.7.7/images/marker-shadow.png[0K
 create mode 100644 20191/Nal/Postgrado/libraryjs/leaflet-0.7.7/leaflet-src.js[0K
 create mode 100644 20191/Nal/Postgrado/libraryjs/leaflet-0.7.7/leaflet.css[0K
 create mode 100644 20191/Nal/Postgrado/libraryjs/leaflet-0.7.7/leaflet.js[0K
 create mode 100644 20191/Nal/Postgrado/libraryjs/leaflet-awesomemarkers-2.0.3/bootstrap-theme.[0Km
in.css[0K
 create mode 100644 20191/Nal/Postgrado/libraryjs/leaflet-awesomemarkers-2.0.3/bootstrap.min.cs[0Ks
[0K
 create mode 100644 20191/Nal/Postgrado/libraryjs/leaflet-awesomemarkers-2.0.3/bootstrap.min.js[0K
 create mode 100644 20191/Nal/Postgrado/libraryjs/leaflet-awesomemarkers-2.0.3/font-awesome.min[0K.
css[0K
 create mode 100644 20191/Nal/Postgrado/libraryjs/leaflet-awesomemarkers-2.0.3/fonts/FontAwesom[0Ke
.otf[0K
 create mode 100644 20191/Nal/Postgrado/libraryjs/leaflet-awesomemarkers-2.0.3/fonts/fontawesom[0Ke
-webfont.eot[0K
 create mode 100644 20191/Nal/Postgrado/libraryjs/leaflet-awesomemarkers-2.0.3/fonts/fontawesom[0Ke
-webfont.svg[0K
 create mode 100644 20191/Nal/Postgrado/libraryjs/leaflet-awesomemarkers-2.0.3/fonts/fontawesom[0Ke
-webfont.ttf[0K
 create mode 100644 20191/Nal/Postgrado/libraryjs/leaflet-awesomemarkers-2.0.3/fonts/fontawesom[0Ke
-webfont.woff[0K
 create mode 100644 20191/Nal/Postgrado/libraryjs/leaflet-awesomemarkers-2.0.3/fonts/glyphicons[0K-
halflings-regular.eot[0K
 create mode 100644 20191/Nal/Postgrado/libraryjs/leaflet-awesomemarkers-2.0.3/fonts/glyphicons[0K-
halflings-regular.svg[0K
 create mode 100644 20191/Nal/Postgrado/libraryjs/leaflet-awesomemarkers-2.0.3/fonts/glyphicons[0K-
halflings-regular.ttf[0K
 create mode 100644 20191/Nal/Postgrado/libraryjs/leaflet-awesomemarkers-2.0.3/fonts/glyphicons[0K-
halflings-regular.woff[0K
 create mode 100644 20191/Nal/Postgrado/libraryjs/leaflet-awesomemarkers-2.0.3/fonts/ionicons.e[0Ko
t[0K
 create mode 100644 20191/Nal/Postgrado/libraryjs/leaflet-awesomemarkers-2.0.3/fonts/ionicons.s[0Kv
g[0K
 create mode 100644 20191/Nal/Postgrado/libraryjs/leaflet-awesomemarkers-2.0.3/fonts/ionicons.t[0Kt
f[0K
 create mode 100644 20191/Nal/Postgrado/libraryjs/leaflet-awesomemarkers-2.0.3/fonts/ionicons.w[0Ko
ff[0K
 create mode 100644 20191/Nal/Postgrado/libraryjs/leaflet-awesomemarkers-2.0.3/images/markers-m[0Ka
tte.png[0K
 create mode 100644 20191/Nal/Postgrado/libraryjs/leaflet-awesomemarkers-2.0.3/images/markers-m[0Ka
tte@2x.png[0K
 create mode 100644 20191/Nal/Postgrado/libraryjs/leaflet-awesomemarkers-2.0.3/images/markers-p[0Kl
ain.png[0K
 create mode 100644 20191/Nal/Postgrado/libraryjs/leaflet-awesomemarkers-2.0.3/images/markers-s[0Kh
adow.png[0K
 create mode 100644 20191/Nal/Postgrado/libraryjs/leaflet-awesomemarkers-2.0.3/images/markers-s[0Kh
adow@2x.png[0K
 create mode 100644 20191/Nal/Postgrado/libraryjs/leaflet-awesomemarkers-2.0.3/images/markers-s[0Ko
ft.png[0K
 create mode 100644 20191/Nal/Postgrado/libraryjs/leaflet-awesomemarkers-2.0.3/images/markers-s[0Ko
ft@2x.png[0K
 create mode 100644 20191/Nal/Postgrado/libraryjs/leaflet-awesomemarkers-2.0.3/ionicons.min.css[0K
 create mode 100644 20191/Nal/Postgrado/libraryjs/leaflet-awesomemarkers-2.0.3/leaflet.awesome-[0Km
arkers.css[0K
 create mode 100644 20191/Nal/Postgrado/libraryjs/leaflet-awesomemarkers-2.0.3/leaflet.awesome-[0Km
arkers.js[0K
 create mode 100644 20191/Nal/Postgrado/libraryjs/leaflet-awesomemarkers-2.0.3/leaflet.awesome-[0Km
arkers.min.js[0K
 create mode 100644 20191/Nal/Postgrado/libraryjs/leaflet-binding-1.1.0/leaflet.js[0K
 create mode 100644 20191/Nal/Postgrado/libraryjs/leaflet-binding-1.1.0/leaflet.yaml[0K
 create mode 100644 20191/Nal/Postgrado/libraryjs/leaflet-binding-1.1.0/lib/Leaflet.label/image[0Ks
/death.png[0K
 create mode 100644 20191/Nal/Postgrado/libraryjs/leaflet-binding-1.1.0/lib/Leaflet.label/leafl[0Ke
t.label-src.js[0K
 create mode 100644 20191/Nal/Postgrado/libraryjs/leaflet-binding-1.1.0/lib/Leaflet.label/leafl[0Ke
t.label.css[0K
 create mode 100644 20191/Nal/Postgrado/libraryjs/leaflet-binding-1.1.0/lib/Leaflet.label/leafl[0Ke
t.label.js[0K
 create mode 100644 20191/Nal/Postgrado/libraryjs/leaflet-binding-1.1.0/lib/jquery/jquery.js[0K
 create mode 100644 20191/Nal/Postgrado/libraryjs/leaflet-binding-1.1.0/lib/jquery/jquery.min.j[0Ks
[0K
 create mode 100644 20191/Nal/Postgrado/libraryjs/leaflet-binding-1.1.0/lib/leaflet-measure/ima[0Kg
es/cancel.png[0K
 create mode 100644 20191/Nal/Postgrado/libraryjs/leaflet-binding-1.1.0/lib/leaflet-measure/ima[0Kg
es/cancel_@2X.png[0K
 create mode 100644 20191/Nal/Postgrado/libraryjs/leaflet-binding-1.1.0/lib/leaflet-measure/ima[0Kg
es/check.png[0K
 create mode 100644 20191/Nal/Postgrado/libraryjs/leaflet-binding-1.1.0/lib/leaflet-measure/ima[0Kg
es/check_@2X.png[0K
 create mode 100644 20191/Nal/Postgrado/libraryjs/leaflet-binding-1.1.0/lib/leaflet-measure/ima[0Kg
es/focus.png[0K
 create mode 100644 20191/Nal/Postgrado/libraryjs/leaflet-binding-1.1.0/lib/leaflet-measure/ima[0Kg
es/focus_@2X.png[0K
 create mode 100644 20191/Nal/Postgrado/libraryjs/leaflet-binding-1.1.0/lib/leaflet-measure/ima[0Kg
es/rulers.png[0K
 create mode 100644 20191/Nal/Postgrado/libraryjs/leaflet-binding-1.1.0/lib/leaflet-measure/ima[0Kg
es/rulers_@2X.png[0K
 create mode 100644 20191/Nal/Postgrado/libraryjs/leaflet-binding-1.1.0/lib/leaflet-measure/ima[0Kg
es/start.png[0K
 create mode 100644 20191/Nal/Postgrado/libraryjs/leaflet-binding-1.1.0/lib/leaflet-measure/ima[0Kg
es/start_@2X.png[0K
 create mode 100644 20191/Nal/Postgrado/libraryjs/leaflet-binding-1.1.0/lib/leaflet-measure/ima[0Kg
es/trash.png[0K
 create mode 100644 20191/Nal/Postgrado/libraryjs/leaflet-binding-1.1.0/lib/leaflet-measure/ima[0Kg
es/trash_@2X.png[0K
 create mode 100644 20191/Nal/Postgrado/libraryjs/leaflet-binding-1.1.0/lib/leaflet-measure/lea[0Kf
let-measure.css[0K
 create mode 100644 20191/Nal/Postgrado/libraryjs/leaflet-binding-1.1.0/lib/leaflet-measure/lea[0Kf
let-measure.js[0K
 create mode 100644 20191/Nal/Postgrado/libraryjs/leaflet-binding-1.1.0/lib/leaflet-measure/lea[0Kf
let-measure.min.js[0K
 create mode 100644 20191/Nal/Postgrado/libraryjs/leaflet-binding-1.1.0/lib/leaflet-omnivore/in[0Kd
ex.js[0K
 create mode 100644 20191/Nal/Postgrado/libraryjs/leaflet-binding-1.1.0/lib/leaflet-omnivore/le[0Ka
flet-omnivore.js[0K
 create mode 100644 20191/Nal/Postgrado/libraryjs/leaflet-binding-1.1.0/lib/leaflet-omnivore/le[0Ka
flet-omnivore.min.js[0K
 create mode 100644 20191/Nal/Postgrado/libraryjs/leaflet-binding-1.1.0/lib/leaflet-omnivore/pa[0Kc
kage.json[0K
 create mode 100644 20191/Nal/Postgrado/libraryjs/leaflet-binding-1.1.0/lib/leaflet-providers/C[0KO
NTRIBUTING.md[0K
 create mode 100644 20191/Nal/Postgrado/libraryjs/leaflet-binding-1.1.0/lib/leaflet-providers/R[0KE
ADME.md[0K
 create mode 100644 20191/Nal/Postgrado/libraryjs/leaflet-binding-1.1.0/lib/leaflet-providers/b[0Ko
wer.json[0K
 create mode 100644 20191/Nal/Postgrado/libraryjs/leaflet-binding-1.1.0/lib/leaflet-providers/c[0Ks
s/gh-fork-ribbon.css[0K
 create mode 100644 20191/Nal/Postgrado/libraryjs/leaflet-binding-1.1.0/lib/leaflet-providers/c[0Ks
s/gh-fork-ribbon.ie.css[0K
 create mode 100644 20191/Nal/Postgrado/libraryjs/leaflet-binding-1.1.0/lib/leaflet-providers/l[0Ke
aflet-providers.js[0K
 create mode 100644 20191/Nal/Postgrado/libraryjs/leaflet-binding-1.1.0/lib/leaflet-providers/l[0Ki
cense.md[0K
 create mode 100644 20191/Nal/Postgrado/libraryjs/leaflet-binding-1.1.0/lib/leaflet-providers/p[0Ka
ckage.json[0K
 create mode 100644 20191/Nal/Postgrado/libraryjs/leaflet-binding-1.1.0/lib/leaflet-providers/p[0Kr
oviders.json[0K
 create mode 100644 20191/Nal/Postgrado/libraryjs/leaflet-binding-1.1.0/lib/leaflet/images/1px.[0Kp
ng[0K
 create mode 100644 20191/Nal/Postgrado/libraryjs/leaflet-binding-1.1.0/lib/leaflet/images/laye[0Kr
s-2x.png[0K
 create mode 100644 20191/Nal/Postgrado/libraryjs/leaflet-binding-1.1.0/lib/leaflet/images/laye[0Kr
s.png[0K
 create mode 100644 20191/Nal/Postgrado/libraryjs/leaflet-binding-1.1.0/lib/leaflet/images/mark[0Ke
r-icon-2x.png[0K
 create mode 100644 20191/Nal/Postgrado/libraryjs/leaflet-binding-1.1.0/lib/leaflet/images/mark[0Ke
r-icon.png[0K
 create mode 100644 20191/Nal/Postgrado/libraryjs/leaflet-binding-1.1.0/lib/leaflet/images/mark[0Ke
r-shadow.png[0K
 create mode 100644 20191/Nal/Postgrado/libraryjs/leaflet-binding-1.1.0/lib/leaflet/leaflet-src[0K.
js[0K
 create mode 100644 20191/Nal/Postgrado/libraryjs/leaflet-binding-1.1.0/lib/leaflet/leaflet.css[0K
 create mode 100644 20191/Nal/Postgrado/libraryjs/leaflet-binding-1.1.0/lib/leaflet/leaflet.js[0K
 create mode 100644 20191/Nal/Postgrado/libraryjs/leaflet-binding-1.1.0/lib/leafletfix/leafletf[0Ki
x.css[0K
 create mode 100644 20191/Nal/Postgrado/libraryjs/leaflet-binding-1.1.0/plugins/Leaflet-MiniMap[0K/
Control.MiniMap.css[0K
 create mode 100644 20191/Nal/Postgrado/libraryjs/leaflet-binding-1.1.0/plugins/Leaflet-MiniMap[0K/
Control.MiniMap.js[0K
 create mode 100644 20191/Nal/Postgrado/libraryjs/leaflet-binding-1.1.0/plugins/Leaflet-MiniMap[0K/
Control.MiniMap.min.css[0K
 create mode 100644 20191/Nal/Postgrado/libraryjs/leaflet-binding-1.1.0/plugins/Leaflet-MiniMap[0K/
Control.MiniMap.min.js[0K
 create mode 100644 20191/Nal/Postgrado/libraryjs/leaflet-binding-1.1.0/plugins/Leaflet-MiniMap[0K/
Minimap-binding.js[0K
 create mode 100644 20191/Nal/Postgrado/libraryjs/leaflet-binding-1.1.0/plugins/Leaflet-MiniMap[0K/
images/toggle.png[0K
 create mode 100644 20191/Nal/Postgrado/libraryjs/leaflet-binding-1.1.0/plugins/Leaflet-MiniMap[0K/
images/toggle.svg[0K
 create mode 100644 20191/Nal/Postgrado/libraryjs/leaflet-binding-1.1.0/plugins/Leaflet.EasyBut[0Kt
on/EasyButton-binding.js[0K
 create mode 100644 20191/Nal/Postgrado/libraryjs/leaflet-binding-1.1.0/plugins/Leaflet.EasyBut[0Kt
on/LICENSE[0K
 create mode 100644 20191/Nal/Postgrado/libraryjs/leaflet-binding-1.1.0/plugins/Leaflet.EasyBut[0Kt
on/easy-button.css[0K
 create mode 100644 20191/Nal/Postgrado/libraryjs/leaflet-binding-1.1.0/plugins/Leaflet.EasyBut[0Kt
on/easy-button.js[0K
 create mode 100644 20191/Nal/Postgrado/libraryjs/leaflet-binding-1.1.0/plugins/Leaflet.Graticu[0Kl
e/Graticule-binding.js[0K
 create mode 100644 20191/Nal/Postgrado/libraryjs/leaflet-binding-1.1.0/plugins/Leaflet.Graticu[0Kl
e/L.Graticule.js[0K
 create mode 100644 20191/Nal/Postgrado/libraryjs/leaflet-binding-1.1.0/plugins/Leaflet.SimpleG[0Kr
aticule/L.SimpleGraticule.css[0K
 create mode 100644 20191/Nal/Postgrado/libraryjs/leaflet-binding-1.1.0/plugins/Leaflet.SimpleG[0Kr
aticule/L.SimpleGraticule.js[0K
 create mode 100644 20191/Nal/Postgrado/libraryjs/leaflet-binding-1.1.0/plugins/Leaflet.SimpleG[0Kr
aticule/SimpleGraticule-binding.js[0K
 create mode 100644 20191/Nal/Postgrado/libraryjs/leaflet-binding-1.1.0/plugins/Leaflet.Termina[0Kt
or/L.Terminator.js[0K
 create mode 100644 20191/Nal/Postgrado/libraryjs/leaflet-binding-1.1.0/plugins/Leaflet.Termina[0Kt
or/Terminator-binding.js[0K
 create mode 100644 20191/Nal/Postgrado/libraryjs/leaflet-binding-1.1.0/plugins/Leaflet.awesome[0K-
markers/bootstrap-theme.min.css[0K
 create mode 100644 20191/Nal/Postgrado/libraryjs/leaflet-binding-1.1.0/plugins/Leaflet.awesome[0K-
markers/bootstrap.min.css[0K
 create mode 100644 20191/Nal/Postgrado/libraryjs/leaflet-binding-1.1.0/plugins/Leaflet.awesome[0K-
markers/bootstrap.min.js[0K
 create mode 100644 20191/Nal/Postgrado/libraryjs/leaflet-binding-1.1.0/plugins/Leaflet.awesome[0K-
markers/font-awesome.min.css[0K
 create mode 100644 20191/Nal/Postgrado/libraryjs/leaflet-binding-1.1.0/plugins/Leaflet.awesome[0K-
markers/fonts/FontAwesome.otf[0K
 create mode 100644 20191/Nal/Postgrado/libraryjs/leaflet-binding-1.1.0/plugins/Leaflet.awesome[0K-
markers/fonts/fontawesome-webfont.eot[0K
 create mode 100644 20191/Nal/Postgrado/libraryjs/leaflet-binding-1.1.0/plugins/Leaflet.awesome[0K-
markers/fonts/fontawesome-webfont.svg[0K
 create mode 100644 20191/Nal/Postgrado/libraryjs/leaflet-binding-1.1.0/plugins/Leaflet.awesome[0K-
markers/fonts/fontawesome-webfont.ttf[0K
 create mode 100644 20191/Nal/Postgrado/libraryjs/leaflet-binding-1.1.0/plugins/Leaflet.awesome[0K-
markers/fonts/fontawesome-webfont.woff[0K
 create mode 100644 20191/Nal/Postgrado/libraryjs/leaflet-binding-1.1.0/plugins/Leaflet.awesome[0K-
markers/fonts/glyphicons-halflings-regular.eot[0K
 create mode 100644 20191/Nal/Postgrado/libraryjs/leaflet-binding-1.1.0/plugins/Leaflet.awesome[0K-
markers/fonts/glyphicons-halflings-regular.svg[0K
 create mode 100644 20191/Nal/Postgrado/libraryjs/leaflet-binding-1.1.0/plugins/Leaflet.awesome[0K-
markers/fonts/glyphicons-halflings-regular.ttf[0K
 create mode 100644 20191/Nal/Postgrado/libraryjs/leaflet-binding-1.1.0/plugins/Leaflet.awesome[0K-
markers/fonts/glyphicons-halflings-regular.woff[0K
 create mode 100644 20191/Nal/Postgrado/libraryjs/leaflet-binding-1.1.0/plugins/Leaflet.awesome[0K-
markers/fonts/ionicons.eot[0K
 create mode 100644 20191/Nal/Postgrado/libraryjs/leaflet-binding-1.1.0/plugins/Leaflet.awesome[0K-
markers/fonts/ionicons.svg[0K
 create mode 100644 20191/Nal/Postgrado/libraryjs/leaflet-binding-1.1.0/plugins/Leaflet.awesome[0K-
markers/fonts/ionicons.ttf[0K
 create mode 100644 20191/Nal/Postgrado/libraryjs/leaflet-binding-1.1.0/plugins/Leaflet.awesome[0K-
markers/fonts/ionicons.woff[0K
 create mode 100644 20191/Nal/Postgrado/libraryjs/leaflet-binding-1.1.0/plugins/Leaflet.awesome[0K-
markers/images/markers-matte.png[0K
 create mode 100644 20191/Nal/Postgrado/libraryjs/leaflet-binding-1.1.0/plugins/Leaflet.awesome[0K-
markers/images/markers-matte@2x.png[0K
 create mode 100644 20191/Nal/Postgrado/libraryjs/leaflet-binding-1.1.0/plugins/Leaflet.awesome[0K-
markers/images/markers-plain.png[0K
 create mode 100644 20191/Nal/Postgrado/libraryjs/leaflet-binding-1.1.0/plugins/Leaflet.awesome[0K-
markers/images/markers-shadow.png[0K
 create mode 100644 20191/Nal/Postgrado/libraryjs/leaflet-binding-1.1.0/plugins/Leaflet.awesome[0K-
markers/images/markers-shadow@2x.png[0K
 create mode 100644 20191/Nal/Postgrado/libraryjs/leaflet-binding-1.1.0/plugins/Leaflet.awesome[0K-
markers/images/markers-soft.png[0K
 create mode 100644 20191/Nal/Postgrado/libraryjs/leaflet-binding-1.1.0/plugins/Leaflet.awesome[0K-
markers/images/markers-soft@2x.png[0K
 create mode 100644 20191/Nal/Postgrado/libraryjs/leaflet-binding-1.1.0/plugins/Leaflet.awesome[0K-
markers/ionicons.min.css[0K
 create mode 100644 20191/Nal/Postgrado/libraryjs/leaflet-binding-1.1.0/plugins/Leaflet.awesome[0K-
markers/leaflet.awesome-markers.css[0K
 create mode 100644 20191/Nal/Postgrado/libraryjs/leaflet-binding-1.1.0/plugins/Leaflet.awesome[0K-
markers/leaflet.awesome-markers.js[0K
 create mode 100644 20191/Nal/Postgrado/libraryjs/leaflet-binding-1.1.0/plugins/Leaflet.awesome[0K-
markers/leaflet.awesome-markers.min.js[0K
 create mode 100644 20191/Nal/Postgrado/libraryjs/leaflet-binding-1.1.0/plugins/Leaflet.markerc[0Kl
uster/MIT-LICENCE.txt[0K
 create mode 100644 20191/Nal/Postgrado/libraryjs/leaflet-binding-1.1.0/plugins/Leaflet.markerc[0Kl
uster/MarkerCluster.Default.css[0K
 create mode 100644 20191/Nal/Postgrado/libraryjs/leaflet-binding-1.1.0/plugins/Leaflet.markerc[0Kl
uster/MarkerCluster.css[0K
 create mode 100644 20191/Nal/Postgrado/libraryjs/leaflet-binding-1.1.0/plugins/Leaflet.markerc[0Kl
uster/leaflet.markercluster-src.js[0K
 create mode 100644 20191/Nal/Postgrado/libraryjs/leaflet-binding-1.1.0/plugins/Leaflet.markerc[0Kl
uster/leaflet.markercluster.freezable-src.js[0K
 create mode 100644 20191/Nal/Postgrado/libraryjs/leaflet-binding-1.1.0/plugins/Leaflet.markerc[0Kl
uster/leaflet.markercluster.js[0K
 create mode 100644 20191/Nal/Postgrado/libraryjs/leaflet-binding-1.1.0/plugins/Leaflet.markerc[0Kl
uster/leaflet.markercluster.layersupport-src.js[0K
 create mode 100644 20191/Nal/Postgrado/libraryjs/leaflet-binding-1.1.0/plugins/Proj4Leaflet/pr[0Ko
j4-compressed.js[0K
 create mode 100644 20191/Nal/Postgrado/libraryjs/leaflet-binding-1.1.0/plugins/Proj4Leaflet/pr[0Ko
j4.js[0K
 create mode 100644 20191/Nal/Postgrado/libraryjs/leaflet-binding-1.1.0/plugins/Proj4Leaflet/pr[0Ko
j4leaflet.js[0K
 create mode 100644 20191/Nal/Postgrado/libraryjs/leaflet-binding-1.1.0/plugins/leaflet-locatio[0Kn
filter/img/filter-icon.png[0K
 create mode 100644 20191/Nal/Postgrado/libraryjs/leaflet-binding-1.1.0/plugins/leaflet-locatio[0Kn
filter/img/move-handle.png[0K
 create mode 100644 20191/Nal/Postgrado/libraryjs/leaflet-binding-1.1.0/plugins/leaflet-locatio[0Kn
filter/img/resize-handle.png[0K
 create mode 100644 20191/Nal/Postgrado/libraryjs/leaflet-binding-1.1.0/plugins/leaflet-locatio[0Kn
filter/locationfilter-bindings.js[0K
 create mode 100644 20191/Nal/Postgrado/libraryjs/leaflet-binding-1.1.0/plugins/leaflet-locatio[0Kn
filter/locationfilter.css[0K
 create mode 100644 20191/Nal/Postgrado/libraryjs/leaflet-binding-1.1.0/plugins/leaflet-locatio[0Kn
filter/locationfilter.js[0K
 create mode 100644 20191/Nal/Postgrado/libraryjs/leaflet-binding-1.1.0/plugins/leaflet-provide[0Kr
s-plugin/leaflet-providers-plugin.js[0K
 create mode 100644 20191/Nal/Postgrado/libraryjs/leaflet-easybutton-1.3.1/EasyButton-binding.j[0Ks
[0K
 create mode 100644 20191/Nal/Postgrado/libraryjs/leaflet-easybutton-1.3.1/LICENSE[0K
 create mode 100644 20191/Nal/Postgrado/libraryjs/leaflet-easybutton-1.3.1/easy-button.css[0K
 create mode 100644 20191/Nal/Postgrado/libraryjs/leaflet-easybutton-1.3.1/easy-button.js[0K
 create mode 100644 20191/Nal/Postgrado/libraryjs/leaflet-label-0.2.2/images/death.png[0K
 create mode 100644 20191/Nal/Postgrado/libraryjs/leaflet-label-0.2.2/leaflet.label-src.js[0K
 create mode 100644 20191/Nal/Postgrado/libraryjs/leaflet-label-0.2.2/leaflet.label.css[0K
 create mode 100644 20191/Nal/Postgrado/libraryjs/leaflet-label-0.2.2/leaflet.label.js[0K
 create mode 100644 20191/Nal/Postgrado/libraryjs/leaflet-minimap-3.3.1/Control.MiniMap.css[0K
 create mode 100644 20191/Nal/Postgrado/libraryjs/leaflet-minimap-3.3.1/Control.MiniMap.js[0K
 create mode 100644 20191/Nal/Postgrado/libraryjs/leaflet-minimap-3.3.1/Control.MiniMap.min.css[0K
 create mode 100644 20191/Nal/Postgrado/libraryjs/leaflet-minimap-3.3.1/Control.MiniMap.min.js[0K
 create mode 100644 20191/Nal/Postgrado/libraryjs/leaflet-minimap-3.3.1/Minimap-binding.js[0K
 create mode 100644 20191/Nal/Postgrado/libraryjs/leaflet-minimap-3.3.1/images/toggle.png[0K
 create mode 100644 20191/Nal/Postgrado/libraryjs/leaflet-minimap-3.3.1/images/toggle.svg[0K
 create mode 100644 20191/Nal/Postgrado/libraryjs/leaflet-providers-1.0.27/CONTRIBUTING.md[0K
 create mode 100644 20191/Nal/Postgrado/libraryjs/leaflet-providers-1.0.27/README.md[0K
 create mode 100644 20191/Nal/Postgrado/libraryjs/leaflet-providers-1.0.27/bower.json[0K
 create mode 100644 20191/Nal/Postgrado/libraryjs/leaflet-providers-1.0.27/css/gh-fork-ribbon.c[0Ks
s[0K
 create mode 100644 20191/Nal/Postgrado/libraryjs/leaflet-providers-1.0.27/css/gh-fork-ribbon.i[0Ke
.css[0K
 create mode 100644 20191/Nal/Postgrado/libraryjs/leaflet-providers-1.0.27/leaflet-providers.js[0K
 create mode 100644 20191/Nal/Postgrado/libraryjs/leaflet-providers-1.0.27/license.md[0K
 create mode 100644 20191/Nal/Postgrado/libraryjs/leaflet-providers-1.0.27/package.json[0K
 create mode 100644 20191/Nal/Postgrado/libraryjs/leaflet-providers-1.0.27/providers.json[0K
 create mode 100644 20191/Nal/Postgrado/libraryjs/leaflet-providers-plugin-1.1.0/leaflet-provid[0Ke
rs-plugin.js[0K
 create mode 100644 20191/Nal/Postgrado/libraryjs/leafletfix-1.0.0/leafletfix.css[0K
 create mode 100644 20191/Nal/Postgrado/libraryjs/nouislider-7.0.10/jquery.nouislider.min.css[0K
 create mode 100644 20191/Nal/Postgrado/libraryjs/nouislider-7.0.10/jquery.nouislider.min.js[0K
 create mode 100644 20191/Nal/Postgrado/libraryjs/pdfmake-1.10.16/pdfmake.min.js[0K
 create mode 100644 20191/Nal/Postgrado/libraryjs/pdfmake-1.10.16/vfs_fonts.js[0K
 create mode 100644 20191/Nal/Postgrado/libraryjs/proj4js-2.3.15/proj4.js[0K
 create mode 100644 20191/Nal/Postgrado/libraryjs/selectize-0.12.0/selectize.bootstrap3.css[0K
 create mode 100644 20191/Nal/Postgrado/libraryjs/selectize-0.12.0/selectize.min.js[0K
[0K[?25h[?25l
[0;32mAlberto@Alberto-HP [0;35m [0;33m~/Documents/ONP/Oficina Nacional de Estadística/Página/Cifras/Graduados/G_G[0Kr
aduados[0;36m (master)[0m[0K
$[0K[3G[?25h[?25l$ g[0K[?25hi[0Kt[0K[7G[?25l$ git p[0K[?25hu[0Ks[0Kh[0K[12G[?25l$ git push o[0K[?25hr[0Ki[0Kg[0Ki[0Kn[0K[19G[?25l$ git push origin m[0K[?25ha[0Ks[0Kt[0Ke[0Kr[0K[?25l
[0K[?25herror: cannot spawn sh: No such file or directory[0K[?25l
error: cannot spawn rpostback-askpass: No such file or directory[0K
Username for 'https://github.com':[0K[36G[?25h[?25lUsername for 'https://github.com': e[0K[?25hs[0Kt[0Ka[0Kd[0Ki[0Ks[0Kt[0Ki[0Kc[0Ka[0Ku[0Kn[0K[?25l
error: cannot spawn rpostback-askpass: No such file or directory[0K
Password for 'https://estadisticaun@github.com':[0K[50G[?25h[?25l
[0K[?25herror: cannot spawn sh: No such file or directory[0K[?25l
[0K[?25hCounting objects: 37, done.[0K[?25l
Delta compression using up to 8 threads.[0K
Compressing objects:  62% (22/35)[0K[1G[?25hCompressing objects: 100% (35/35), done.[0K[?25l
Writing objects:  54% (20/37)[0K[1G[?25h[?25lWriting objects:  54% (20/37), 984.00 KiB | 799.00 KiB/s[0K[1G[?25h[?25lWriting objects:  56% (21/37), 984.00 KiB | 799.00 KiB/s[0K[1G[?25h[?25lWriting objects:  59% (22/37), 1.79 MiB | 1.03 MiB/s   s[0K[1G[?25h[?25lWriting objects:  62% (23/37), 4.17 MiB | 1.87 MiB/s   s[0K[1G[?25hWriting objects: 100% (37/37), 6.30 MiB | 2.19 MiB/s, done.[0K[?25l
Total 37 (delta 23), reused 0 (delta 0)[0K
[0K[?25hremote: Resolving deltas: 100% (23/23), completed with 4 local objects.[0K[?25l
[0K[?25hremote:[0K[?25l
remote: GitHub found 2 vulnerabilities on estadisticaun/G_Graduados's default branch (2 moderat[0Ke
). To find out more, visit:[0K
remote:      https://github.com/estadisticaun/G_Graduados/network/alerts[0K
remote:[0K
To https://github.com/estadisticaun/G_Graduados.git[0K
   5ad6970..569c7e8  master -> master[0K
[0K[?25h[?25l
[0;32mAlberto@Alberto-HP [0;35m [0;33m~/Documents/ONP/Oficina Nacional de Estadística/Página/Cifras/Graduados/G_G[0Kr
aduados[0;36m (master)[0m[0K
$[0K[3G[?25h[0m[0Kbash: cut: command not found[0K[?25l
[0K[?25h]0;:/c/Users/Alberto/Documents/ONP/Oficina Nacional de Estadística/Página/Cifras/Graduados/G_Graduados[?25l
[0;32mAlberto@Alberto-HP [0;35m [0;33m~/Documents/ONP/Oficina Nacional de Estadística/Página/Cifras/Graduados/G_G[0Kr
aduados[0;36m (master)[0m[0K
[?25l$ g[0K[?25hi[0Kt[0K[7G[?25l$ git s[0K[?25ht[0Ka[0Kt[0Ku[0Ks[0K[?25l
[0K[?25hOn branch master[0K[?25l
Your branch is up-to-date with 'origin/master'.[0K
[0K
Changes not staged for commit:[0K
  (use "git add/rm <file>..." to update what will be committed)[0K
  (use "git checkout -- <file>..." to discard changes in working directory)[0K
[0K
        [0;31mmodified:   .Rproj.user/B994EF53/console06/60F9C0F6[0m[0K
        [0;31mmodified:   .Rproj.user/B994EF53/console06/INDEX001[0m[0K
        [0;31mmodified:   .Rproj.user/B994EF53/pcs/files-pane.pper[0m[0K
        [0;31mdeleted:    .Rproj.user/B994EF53/sources/s-747FAAC0/4A9B33CA[0m[0K
        [0;31mdeleted:    .Rproj.user/B994EF53/sources/s-747FAAC0/4A9B33CA-contents[0m[0K
        [0;31mdeleted:    .Rproj.user/B994EF53/sources/s-747FAAC0/lock_file[0m[0K
[0K
Untracked files:[0K
  (use "git add <file>..." to include in what will be committed)[0K
[0K
        [0;31m.Rproj.user/B994EF53/sources/s-9DC65982/[0m[0K
        [0;31m20191/Nal/Graduados/[0m[0K
[0K
no changes added to commit (use "git add" and/or "git commit -a")[0K
[0K[?25h[?25l
[0;32mAlberto@Alberto-HP [0;35m [0;33m~/Documents/ONP/Oficina Nacional de Estadística/Página/Cifras/Graduados/G_Graduados[0;36m ([0Km
aster)[0m[0K
$[0K[3G[?25h[?25l$ g[0K[?25hi[0Kt[0K[7G[?25l$ git a[0K[?25hd[0Kd[0K[11G[?25l$ git add .[0K[?25h[?25l$ git add[0K[11G[?25h[10G[11G[?25l$ git add .[0K[?25h