
/lib/datatables/js/dataTables.bootstrap4.min.js.[0K
The file will have its original line endings in your working directory.[0K
[0K[?25hwarning: LF will be replaced by CRLF in 20182/Nal/Pregrado/libraryjs/datatables-binding-0.[0K4[?25l
/lib/datatables/js/dataTables.foundation.min.js.[0K
The file will have its original line endings in your working directory.[0K
[0K[?25hwarning: LF will be replaced by CRLF in 20182/Nal/Pregrado/libraryjs/datatables-binding-0.[0K4[?25l
/lib/datatables/js/dataTables.jqueryui.min.js.[0K
The file will have its original line endings in your working directory.[0K
[0K[?25hwarning: LF will be replaced by CRLF in 20182/Nal/Pregrado/libraryjs/datatables-binding-0.[0K4[?25l
/lib/datatables/js/dataTables.material.min.js.[0K
The file will have its original line endings in your working directory.[0K
[0K[?25hwarning: LF will be replaced by CRLF in 20182/Nal/Pregrado/libraryjs/datatables-binding-0.[0K4[?25l
/lib/datatables/js/dataTables.semanticui.min.js.[0K
The file will have its original line endings in your working directory.[0K
[0K[?25hwarning: LF will be replaced by CRLF in 20182/Nal/Pregrado/libraryjs/datatables-binding-0.[0K4[?25l
/lib/datatables/js/dataTables.uikit.min.js.[0K
The file will have its original line endings in your working directory.[0K
[0K[?25hwarning: LF will be replaced by CRLF in 20182/Nal/Pregrado/libraryjs/datatables-binding-0.[0K4[?25l
/lib/datatables/js/jquery.dataTables.min.js.[0K
The file will have its original line endings in your working directory.[0K
[0K[?25hwarning: LF will be replaced by CRLF in 20182/Nal/Pregrado/libraryjs/datatables-binding-0.[0K4[?25l
/lib/datatables/license.txt.[0K
The file will have its original line endings in your working directory.[0K
[0K[?25hwarning: LF will be replaced by CRLF in 20182/Nal/Pregrado/libraryjs/datatables-binding-0.[0K4[?25l
/lib/jquery/LICENSE.txt.[0K
The file will have its original line endings in your working directory.[0K
[0K[?25hwarning: LF will be replaced by CRLF in 20182/Nal/Pregrado/libraryjs/datatables-binding-0.[0K4[?25l
/lib/jquery/jquery.min.js.[0K
The file will have its original line endings in your working directory.[0K
[0K[?25hwarning: LF will be replaced by CRLF in 20182/Nal/Pregrado/libraryjs/datatables-binding-0.[0K4[?25l
/lib/nouislider/jquery.nouislider.min.css.[0K
The file will have its original line endings in your working directory.[0K
[0K[?25hwarning: LF will be replaced by CRLF in 20182/Nal/Pregrado/libraryjs/datatables-binding-0.[0K4[?25l
/lib/nouislider/jquery.nouislider.min.js.[0K
The file will have its original line endings in your working directory.[0K
[0K[?25hwarning: LF will be replaced by CRLF in 20182/Nal/Pregrado/libraryjs/datatables-binding-0.[0K4[?25l
/lib/selectize/selectize.bootstrap3.css.[0K
The file will have its original line endings in your working directory.[0K
[0K[?25hwarning: LF will be replaced by CRLF in 20182/Nal/Pregrado/libraryjs/datatables-binding-0.[0K4[?25l
/lib/selectize/selectize.min.js.[0K
The file will have its original line endings in your working directory.[0K
[0K[?25hwarning: LF will be replaced by CRLF in 20182/Nal/Pregrado/libraryjs/datatables-css-0.0.0/[0Kd[?25l
atatables-crosstalk.css.[0K
The file will have its original line endings in your working directory.[0K
warning: LF will be replaced by CRLF in 20182/Nal/Pregrado/libraryjs/dt-core-1.10.16/css/j[0Kq
uery.dataTables.extra.css.[0K
The file will have its original line endings in your working directory.[0K
warning: LF will be replaced by CRLF in 20182/Nal/Pregrado/libraryjs/dt-core-1.10.16/css/j[0Kq
uery.dataTables.min.css.[0K
The file will have its original line endings in your working directory.[0K
warning: LF will be replaced by CRLF in 20182/Nal/Pregrado/libraryjs/dt-core-1.10.16/js/jq[0Ku
ery.dataTables.min.js.[0K
The file will have its original line endings in your working directory.[0K
warning: LF will be replaced by CRLF in 20182/Nal/Pregrado/libraryjs/dt-ext-buttons-1.10.1[0K6
/css/buttons.dataTables.min.css.[0K
The file will have its original line endings in your working directory.[0K
warning: LF will be replaced by CRLF in 20182/Nal/Pregrado/libraryjs/dt-ext-buttons-1.10.1[0K6
/js/buttons.colVis.min.js.[0K
The file will have its original line endings in your working directory.[0K
warning: LF will be replaced by CRLF in 20182/Nal/Pregrado/libraryjs/dt-ext-buttons-1.10.1[0K6
/js/buttons.flash.min.js.[0K
The file will have its original line endings in your working directory.[0K
warning: LF will be replaced by CRLF in 20182/Nal/Pregrado/libraryjs/dt-ext-buttons-1.10.1[0K6
/js/buttons.html5.min.js.[0K
The file will have its original line endings in your working directory.[0K
warning: LF will be replaced by CRLF in 20182/Nal/Pregrado/libraryjs/dt-ext-buttons-1.10.1[0K6
/js/buttons.print.min.js.[0K
The file will have its original line endings in your working directory.[0K
warning: LF will be replaced by CRLF in 20182/Nal/Pregrado/libraryjs/dt-ext-buttons-1.10.1[0K6
/js/dataTables.buttons.min.js.[0K
The file will have its original line endings in your working directory.[0K
warning: LF will be replaced by CRLF in 20182/Nal/Pregrado/libraryjs/dt-ext-keytable-1.10.[0K1
6/css/keyTable.dataTables.min.css.[0K
The file will have its original line endings in your working directory.[0K
warning: LF will be replaced by CRLF in 20182/Nal/Pregrado/libraryjs/dt-ext-keytable-1.10.[0K1
6/js/dataTables.keyTable.min.js.[0K
The file will have its original line endings in your working directory.[0K
warning: LF will be replaced by CRLF in 20182/Nal/Pregrado/libraryjs/dt-ext-responsive-1.1[0K0
.16/css/responsive.dataTables.min.css.[0K
The file will have its original line endings in your working directory.[0K
warning: LF will be replaced by CRLF in 20182/Nal/Pregrado/libraryjs/dt-ext-responsive-1.1[0K0
.16/js/dataTables.responsive.min.js.[0K
The file will have its original line endings in your working directory.[0K
warning: LF will be replaced by CRLF in 20182/Nal/Pregrado/libraryjs/dt-plugin-searchhighl[0Ki
ght-1.10.16/dataTables.searchHighlight.css.[0K
The file will have its original line endings in your working directory.[0K
warning: LF will be replaced by CRLF in 20182/Nal/Pregrado/libraryjs/dt-plugin-searchhighl[0Ki
ght-1.10.16/dataTables.searchHighlight.min.js.[0K
The file will have its original line endings in your working directory.[0K
warning: LF will be replaced by CRLF in 20182/Nal/Pregrado/libraryjs/dt-plugin-searchhighl[0Ki
ght-1.10.16/jquery.highlight.js.[0K
The file will have its original line endings in your working directory.[0K
[0K[?25hwarning: LF will be replaced by CRLF in 20182/Nal/Pregrado/libraryjs/highchart-binding-0.6[0K.[?25l
0/highchartct.js.[0K
The file will have its original line endings in your working directory.[0K
[0K[?25hwarning: LF will be replaced by CRLF in 20182/Nal/Pregrado/libraryjs/highchart-binding-0.6[0K.[?25l
0/highchartct.yaml.[0K
The file will have its original line endings in your working directory.[0K
[0K[?25hwarning: LF will be replaced by CRLF in 20182/Nal/Pregrado/libraryjs/highchart-binding-0.6[0K.[?25l
0/highchartzero.js.[0K
The file will have its original line endings in your working directory.[0K
[0K[?25hwarning: LF will be replaced by CRLF in 20182/Nal/Pregrado/libraryjs/highchart-binding-0.6[0K.[?25l
0/highchartzero.yaml.[0K
The file will have its original line endings in your working directory.[0K
[0K[?25hwarning: LF will be replaced by CRLF in 20182/Nal/Pregrado/libraryjs/highchart-binding-0.6[0K.[?25l
0/lib/highcharts-6.0.3/css/motion.css.[0K
The file will have its original line endings in your working directory.[0K
[0K[?25hwarning: LF will be replaced by CRLF in 20182/Nal/Pregrado/libraryjs/highchart-binding-0.6[0K.[?25l
0/lib/highcharts-6.0.3/custom/reset.js.[0K
The file will have its original line endings in your working directory.[0K
[0K[?25hwarning: LF will be replaced by CRLF in 20182/Nal/Pregrado/libraryjs/highchart-binding-0.6[0K.[?25l
0/lib/highcharts-6.0.3/custom/symbols-extra.js.[0K
The file will have its original line endings in your working directory.[0K
[0K[?25hwarning: LF will be replaced by CRLF in 20182/Nal/Pregrado/libraryjs/highchart-binding-0.6[0K.[?25l
0/lib/highcharts-6.0.3/custom/text-symbols.js.[0K
The file will have its original line endings in your working directory.[0K
[0K[?25hwarning: LF will be replaced by CRLF in 20182/Nal/Pregrado/libraryjs/highchart-binding-0.6[0K.[?25l
0/lib/highcharts-6.0.3/highcharts-3d.js.[0K
The file will have its original line endings in your working directory.[0K
[0K[?25hwarning: LF will be replaced by CRLF in 20182/Nal/Pregrado/libraryjs/highchart-binding-0.6[0K.[?25l
0/lib/highcharts-6.0.3/highcharts-more.js.[0K
The file will have its original line endings in your working directory.[0K
[0K[?25hwarning: LF will be replaced by CRLF in 20182/Nal/Pregrado/libraryjs/highchart-binding-0.6[0K.[?25l
0/lib/highcharts-6.0.3/highcharts.js.[0K
The file will have its original line endings in your working directory.[0K
[0K[?25hwarning: LF will be replaced by CRLF in 20182/Nal/Pregrado/libraryjs/highchart-binding-0.6[0K.[?25l
0/lib/highcharts-6.0.3/maps/modules/map.js.[0K
The file will have its original line endings in your working directory.[0K
[0K[?25hwarning: LF will be replaced by CRLF in 20182/Nal/Pregrado/libraryjs/highchart-binding-0.6[0K.[?25l
0/lib/highcharts-6.0.3/modules/accessibility.js.[0K
The file will have its original line endings in your working directory.[0K
[0K[?25hwarning: LF will be replaced by CRLF in 20182/Nal/Pregrado/libraryjs/highchart-binding-0.6[0K.[?25l
0/lib/highcharts-6.0.3/modules/annotations.js.[0K
The file will have its original line endings in your working directory.[0K
[0K[?25hwarning: LF will be replaced by CRLF in 20182/Nal/Pregrado/libraryjs/highchart-binding-0.6[0K.[?25l
0/lib/highcharts-6.0.3/modules/boost-canvas.js.[0K
The file will have its original line endings in your working directory.[0K
[0K[?25hwarning: LF will be replaced by CRLF in 20182/Nal/Pregrado/libraryjs/highchart-binding-0.6[0K.[?25l
0/lib/highcharts-6.0.3/modules/boost.js.[0K
The file will have its original line endings in your working directory.[0K
[0K[?25hwarning: LF will be replaced by CRLF in 20182/Nal/Pregrado/libraryjs/highchart-binding-0.6[0K.[?25l
0/lib/highcharts-6.0.3/modules/broken-axis.js.[0K
The file will have its original line endings in your working directory.[0K
[0K[?25hwarning: LF will be replaced by CRLF in 20182/Nal/Pregrado/libraryjs/highchart-binding-0.6[0K.[?25l
0/lib/highcharts-6.0.3/modules/bullet.js.[0K
The file will have its original line endings in your working directory.[0K
[0K[?25hwarning: LF will be replaced by CRLF in 20182/Nal/Pregrado/libraryjs/highchart-binding-0.6[0K.[?25l
0/lib/highcharts-6.0.3/modules/data.js.[0K
The file will have its original line endings in your working directory.[0K
[0K[?25hwarning: LF will be replaced by CRLF in 20182/Nal/Pregrado/libraryjs/highchart-binding-0.6[0K.[?25l
0/lib/highcharts-6.0.3/modules/drag-panes.js.[0K
The file will have its original line endings in your working directory.[0K
[0K[?25hwarning: LF will be replaced by CRLF in 20182/Nal/Pregrado/libraryjs/highchart-binding-0.6[0K.[?25l
0/lib/highcharts-6.0.3/modules/drilldown.js.[0K
The file will have its original line endings in your working directory.[0K
[0K[?25hwarning: LF will be replaced by CRLF in 20182/Nal/Pregrado/libraryjs/highchart-binding-0.6[0K.[?25l
0/lib/highcharts-6.0.3/modules/export-data.js.[0K
The file will have its original line endings in your working directory.[0K
[0K[?25hwarning: LF will be replaced by CRLF in 20182/Nal/Pregrado/libraryjs/highchart-binding-0.6[0K.[?25l
0/lib/highcharts-6.0.3/modules/exporting.js.[0K
The file will have its original line endings in your working directory.[0K
[0K[?25hwarning: LF will be replaced by CRLF in 20182/Nal/Pregrado/libraryjs/highchart-binding-0.6[0K.[?25l
0/lib/highcharts-6.0.3/modules/funnel.js.[0K
The file will have its original line endings in your working directory.[0K
[0K[?25hwarning: LF will be replaced by CRLF in 20182/Nal/Pregrado/libraryjs/highchart-binding-0.6[0K.[?25l
0/lib/highcharts-6.0.3/modules/gantt.js.[0K
The file will have its original line endings in your working directory.[0K
[0K[?25hwarning: LF will be replaced by CRLF in 20182/Nal/Pregrado/libraryjs/highchart-binding-0.6[0K.[?25l
0/lib/highcharts-6.0.3/modules/grid-axis.js.[0K
The file will have its original line endings in your working directory.[0K
[0K[?25hwarning: LF will be replaced by CRLF in 20182/Nal/Pregrado/libraryjs/highchart-binding-0.6[0K.[?25l
0/lib/highcharts-6.0.3/modules/heatmap.js.[0K
The file will have its original line endings in your working directory.[0K
[0K[?25hwarning: LF will be replaced by CRLF in 20182/Nal/Pregrado/libraryjs/highchart-binding-0.6[0K.[?25l
0/lib/highcharts-6.0.3/modules/histogram-bellcurve.js.[0K
The file will have its original line endings in your working directory.[0K
[0K[?25hwarning: LF will be replaced by CRLF in 20182/Nal/Pregrado/libraryjs/highchart-binding-0.6[0K.[?25l
0/lib/highcharts-6.0.3/modules/item-series.js.[0K
The file will have its original line endings in your working directory.[0K
[0K[?25hwarning: LF will be replaced by CRLF in 20182/Nal/Pregrado/libraryjs/highchart-binding-0.6[0K.[?25l
0/lib/highcharts-6.0.3/modules/no-data-to-display.js.[0K
The file will have its original line endings in your working directory.[0K
[0K[?25hwarning: LF will be replaced by CRLF in 20182/Nal/Pregrado/libraryjs/highchart-binding-0.6[0K.[?25l
0/lib/highcharts-6.0.3/modules/offline-exporting.js.[0K
The file will have its original line endings in your working directory.[0K
[0K[?25hwarning: LF will be replaced by CRLF in 20182/Nal/Pregrado/libraryjs/highchart-binding-0.6[0K.[?25l
0/lib/highcharts-6.0.3/modules/oldie.js.[0K
The file will have its original line endings in your working directory.[0K
[0K[?25hwarning: LF will be replaced by CRLF in 20182/Nal/Pregrado/libraryjs/highchart-binding-0.6[0K.[?25l
0/lib/highcharts-6.0.3/modules/overlapping-datalabels.js.[0K
The file will have its original line endings in your working directory.[0K
[0K[?25hwarning: LF will be replaced by CRLF in 20182/Nal/Pregrado/libraryjs/highchart-binding-0.6[0K.[?25l
0/lib/highcharts-6.0.3/modules/parallel-coordinates.js.[0K
The file will have its original line endings in your working directory.[0K
[0K[?25hwarning: LF will be replaced by CRLF in 20182/Nal/Pregrado/libraryjs/highchart-binding-0.6[0K.[?25l
0/lib/highcharts-6.0.3/modules/pareto.js.[0K
The file will have its original line endings in your working directory.[0K
[0K[?25hwarning: LF will be replaced by CRLF in 20182/Nal/Pregrado/libraryjs/highchart-binding-0.6[0K.[?25l
0/lib/highcharts-6.0.3/modules/sankey.js.[0K
The file will have its original line endings in your working directory.[0K
[0K[?25hwarning: LF will be replaced by CRLF in 20182/Nal/Pregrado/libraryjs/highchart-binding-0.6[0K.[?25l
0/lib/highcharts-6.0.3/modules/series-label.js.[0K
The file will have its original line endings in your working directory.[0K
[0K[?25hwarning: LF will be replaced by CRLF in 20182/Nal/Pregrado/libraryjs/highchart-binding-0.6[0K.[?25l
0/lib/highcharts-6.0.3/modules/solid-gauge.js.[0K
The file will have its original line endings in your working directory.[0K
[0K[?25hwarning: LF will be replaced by CRLF in 20182/Nal/Pregrado/libraryjs/highchart-binding-0.6[0K.[?25l
0/lib/highcharts-6.0.3/modules/static-scale.js.[0K
The file will have its original line endings in your working directory.[0K
[0K[?25hwarning: LF will be replaced by CRLF in 20182/Nal/Pregrado/libraryjs/highchart-binding-0.6[0K.[?25l
0/lib/highcharts-6.0.3/modules/stock.js.[0K
The file will have its original line endings in your working directory.[0K
[0K[?25hwarning: LF will be replaced by CRLF in 20182/Nal/Pregrado/libraryjs/highchart-binding-0.6[0K.[?25l
0/lib/highcharts-6.0.3/modules/streamgraph.js.[0K
The file will have its original line endings in your working directory.[0K
[0K[?25hwarning: LF will be replaced by CRLF in 20182/Nal/Pregrado/libraryjs/highchart-binding-0.6[0K.[?25l
0/lib/highcharts-6.0.3/modules/sunburst.js.[0K
The file will have its original line endings in your working directory.[0K
[0K[?25hwarning: LF will be replaced by CRLF in 20182/Nal/Pregrado/libraryjs/highchart-binding-0.6[0K.[?25l
0/lib/highcharts-6.0.3/modules/treemap.js.[0K
The file will have its original line endings in your working directory.[0K
[0K[?25hwarning: LF will be replaced by CRLF in 20182/Nal/Pregrado/libraryjs/highchart-binding-0.6[0K.[?25l
0/lib/highcharts-6.0.3/modules/variable-pie.js.[0K
The file will have its original line endings in your working directory.[0K
[0K[?25hwarning: LF will be replaced by CRLF in 20182/Nal/Pregrado/libraryjs/highchart-binding-0.6[0K.[?25l
0/lib/highcharts-6.0.3/modules/variwide.js.[0K
The file will have its original line endings in your working directory.[0K
[0K[?25hwarning: LF will be replaced by CRLF in 20182/Nal/Pregrado/libraryjs/highchart-binding-0.6[0K.[?25l
0/lib/highcharts-6.0.3/modules/vector.js.[0K
The file will have its original line endings in your working directory.[0K
[0K[?25hwarning: LF will be replaced by CRLF in 20182/Nal/Pregrado/libraryjs/highchart-binding-0.6[0K.[?25l
0/lib/highcharts-6.0.3/modules/windbarb.js.[0K
The file will have its original line endings in your working directory.[0K
[0K[?25hwarning: LF will be replaced by CRLF in 20182/Nal/Pregrado/libraryjs/highchart-binding-0.6[0K.[?25l
0/lib/highcharts-6.0.3/modules/wordcloud.js.[0K
The file will have its original line endings in your working directory.[0K
[0K[?25hwarning: LF will be replaced by CRLF in 20182/Nal/Pregrado/libraryjs/highchart-binding-0.6[0K.[?25l
0/lib/highcharts-6.0.3/modules/xrange.js.[0K
The file will have its original line endings in your working directory.[0K
[0K[?25hwarning: LF will be replaced by CRLF in 20182/Nal/Pregrado/libraryjs/highchart-binding-0.6[0K.[?25l
0/lib/highcharts-6.0.3/stock/highstock.js.[0K
The file will have its original line endings in your working directory.[0K
[0K[?25hwarning: LF will be replaced by CRLF in 20182/Nal/Pregrado/libraryjs/highchart-binding-0.6[0K.[?25l
0/lib/proj4js/proj4.js.[0K
The file will have its original line endings in your working directory.[0K
[0K[?25hwarning: LF will be replaced by CRLF in 20182/Nal/Pregrado/libraryjs/highcharts-6.0.3/css/[0Km[?25l
otion.css.[0K
The file will have its original line endings in your working directory.[0K
warning: LF will be replaced by CRLF in 20182/Nal/Pregrado/libraryjs/highcharts-6.0.3/cust[0Ko
m/reset.js.[0K
The file will have its original line endings in your working directory.[0K
warning: LF will be replaced by CRLF in 20182/Nal/Pregrado/libraryjs/highcharts-6.0.3/cust[0Ko
m/symbols-extra.js.[0K
The file will have its original line endings in your working directory.[0K
warning: LF will be replaced by CRLF in 20182/Nal/Pregrado/libraryjs/highcharts-6.0.3/cust[0Ko
m/text-symbols.js.[0K
The file will have its original line endings in your working directory.[0K
warning: LF will be replaced by CRLF in 20182/Nal/Pregrado/libraryjs/highcharts-6.0.3/high[0Kc
harts-3d.js.[0K
The file will have its original line endings in your working directory.[0K
warning: LF will be replaced by CRLF in 20182/Nal/Pregrado/libraryjs/highcharts-6.0.3/high[0Kc
harts-more.js.[0K
The file will have its original line endings in your working directory.[0K
warning: LF will be replaced by CRLF in 20182/Nal/Pregrado/libraryjs/highcharts-6.0.3/high[0Kc
harts.js.[0K
The file will have its original line endings in your working directory.[0K
warning: LF will be replaced by CRLF in 20182/Nal/Pregrado/libraryjs/highcharts-6.0.3/maps[0K/
modules/map.js.[0K
The file will have its original line endings in your working directory.[0K
warning: LF will be replaced by CRLF in 20182/Nal/Pregrado/libraryjs/highcharts-6.0.3/modu[0Kl
es/accessibility.js.[0K
The file will have its original line endings in your working directory.[0K
warning: LF will be replaced by CRLF in 20182/Nal/Pregrado/libraryjs/highcharts-6.0.3/modu[0Kl
es/annotations.js.[0K
The file will have its original line endings in your working directory.[0K
warning: LF will be replaced by CRLF in 20182/Nal/Pregrado/libraryjs/highcharts-6.0.3/modu[0Kl
es/boost-canvas.js.[0K
The file will have its original line endings in your working directory.[0K
warning: LF will be replaced by CRLF in 20182/Nal/Pregrado/libraryjs/highcharts-6.0.3/modu[0Kl
es/boost.js.[0K
The file will have its original line endings in your working directory.[0K
warning: LF will be replaced by CRLF in 20182/Nal/Pregrado/libraryjs/highcharts-6.0.3/modu[0Kl
es/broken-axis.js.[0K
The file will have its original line endings in your working directory.[0K
warning: LF will be replaced by CRLF in 20182/Nal/Pregrado/libraryjs/highcharts-6.0.3/modu[0Kl
es/bullet.js.[0K
The file will have its original line endings in your working directory.[0K
warning: LF will be replaced by CRLF in 20182/Nal/Pregrado/libraryjs/highcharts-6.0.3/modu[0Kl
es/data.js.[0K
The file will have its original line endings in your working directory.[0K
warning: LF will be replaced by CRLF in 20182/Nal/Pregrado/libraryjs/highcharts-6.0.3/modu[0Kl
es/drag-panes.js.[0K
The file will have its original line endings in your working directory.[0K
warning: LF will be replaced by CRLF in 20182/Nal/Pregrado/libraryjs/highcharts-6.0.3/modu[0Kl
es/drilldown.js.[0K
The file will have its original line endings in your working directory.[0K
warning: LF will be replaced by CRLF in 20182/Nal/Pregrado/libraryjs/highcharts-6.0.3/modu[0Kl
es/export-data.js.[0K
The file will have its original line endings in your working directory.[0K
warning: LF will be replaced by CRLF in 20182/Nal/Pregrado/libraryjs/highcharts-6.0.3/modu[0Kl
es/exporting.js.[0K
The file will have its original line endings in your working directory.[0K
warning: LF will be replaced by CRLF in 20182/Nal/Pregrado/libraryjs/highcharts-6.0.3/modu[0Kl
es/funnel.js.[0K
The file will have its original line endings in your working directory.[0K
warning: LF will be replaced by CRLF in 20182/Nal/Pregrado/libraryjs/highcharts-6.0.3/modu[0Kl
es/gantt.js.[0K
The file will have its original line endings in your working directory.[0K
warning: LF will be replaced by CRLF in 20182/Nal/Pregrado/libraryjs/highcharts-6.0.3/modu[0Kl
es/grid-axis.js.[0K
The file will have its original line endings in your working directory.[0K
warning: LF will be replaced by CRLF in 20182/Nal/Pregrado/libraryjs/highcharts-6.0.3/modu[0Kl
es/heatmap.js.[0K
The file will have its original line endings in your working directory.[0K
warning: LF will be replaced by CRLF in 20182/Nal/Pregrado/libraryjs/highcharts-6.0.3/modu[0Kl
es/histogram-bellcurve.js.[0K
The file will have its original line endings in your working directory.[0K
warning: LF will be replaced by CRLF in 20182/Nal/Pregrado/libraryjs/highcharts-6.0.3/modu[0Kl
es/item-series.js.[0K
The file will have its original line endings in your working directory.[0K
warning: LF will be replaced by CRLF in 20182/Nal/Pregrado/libraryjs/highcharts-6.0.3/modu[0Kl
es/no-data-to-display.js.[0K
The file will have its original line endings in your working directory.[0K
warning: LF will be replaced by CRLF in 20182/Nal/Pregrado/libraryjs/highcharts-6.0.3/modu[0Kl
es/offline-exporting.js.[0K
The file will have its original line endings in your working directory.[0K
warning: LF will be replaced by CRLF in 20182/Nal/Pregrado/libraryjs/highcharts-6.0.3/modu[0Kl
es/oldie.js.[0K
The file will have its original line endings in your working directory.[0K
warning: LF will be replaced by CRLF in 20182/Nal/Pregrado/libraryjs/highcharts-6.0.3/modu[0Kl
es/overlapping-datalabels.js.[0K
The file will have its original line endings in your working directory.[0K
warning: LF will be replaced by CRLF in 20182/Nal/Pregrado/libraryjs/highcharts-6.0.3/modu[0Kl
es/parallel-coordinates.js.[0K
The file will have its original line endings in your working directory.[0K
warning: LF will be replaced by CRLF in 20182/Nal/Pregrado/libraryjs/highcharts-6.0.3/modu[0Kl
es/pareto.js.[0K
The file will have its original line endings in your working directory.[0K
warning: LF will be replaced by CRLF in 20182/Nal/Pregrado/libraryjs/highcharts-6.0.3/modu[0Kl
es/sankey.js.[0K
The file will have its original line endings in your working directory.[0K
warning: LF will be replaced by CRLF in 20182/Nal/Pregrado/libraryjs/highcharts-6.0.3/modu[0Kl
es/series-label.js.[0K
The file will have its original line endings in your working directory.[0K
warning: LF will be replaced by CRLF in 20182/Nal/Pregrado/libraryjs/highcharts-6.0.3/modu[0Kl
es/solid-gauge.js.[0K
The file will have its original line endings in your working directory.[0K
warning: LF will be replaced by CRLF in 20182/Nal/Pregrado/libraryjs/highcharts-6.0.3/modu[0Kl
es/static-scale.js.[0K
The file will have its original line endings in your working directory.[0K
warning: LF will be replaced by CRLF in 20182/Nal/Pregrado/libraryjs/highcharts-6.0.3/modu[0Kl
es/stock.js.[0K
The file will have its original line endings in your working directory.[0K
[0K[?25hwarning: LF will be replaced by CRLF in 20182/Nal/Pregrado/libraryjs/highcharts-6.0.3/modu[0Kl[?25l
es/streamgraph.js.[0K
The file will have its original line endings in your working directory.[0K
warning: LF will be replaced by CRLF in 20182/Nal/Pregrado/libraryjs/highcharts-6.0.3/modu[0Kl
es/sunburst.js.[0K
The file will have its original line endings in your working directory.[0K
warning: LF will be replaced by CRLF in 20182/Nal/Pregrado/libraryjs/highcharts-6.0.3/modu[0Kl
es/treemap.js.[0K
The file will have its original line endings in your working directory.[0K
warning: LF will be replaced by CRLF in 20182/Nal/Pregrado/libraryjs/highcharts-6.0.3/modu[0Kl
es/variable-pie.js.[0K
The file will have its original line endings in your working directory.[0K
warning: LF will be replaced by CRLF in 20182/Nal/Pregrado/libraryjs/highcharts-6.0.3/modu[0Kl
es/variwide.js.[0K
The file will have its original line endings in your working directory.[0K
warning: LF will be replaced by CRLF in 20182/Nal/Pregrado/libraryjs/highcharts-6.0.3/modu[0Kl
es/vector.js.[0K
The file will have its original line endings in your working directory.[0K
warning: LF will be replaced by CRLF in 20182/Nal/Pregrado/libraryjs/highcharts-6.0.3/modu[0Kl
es/windbarb.js.[0K
The file will have its original line endings in your working directory.[0K
warning: LF will be replaced by CRLF in 20182/Nal/Pregrado/libraryjs/highcharts-6.0.3/modu[0Kl
es/wordcloud.js.[0K
The file will have its original line endings in your working directory.[0K
warning: LF will be replaced by CRLF in 20182/Nal/Pregrado/libraryjs/highcharts-6.0.3/modu[0Kl
es/xrange.js.[0K
The file will have its original line endings in your working directory.[0K
warning: LF will be replaced by CRLF in 20182/Nal/Pregrado/libraryjs/highcharts-6.0.3/stoc[0Kk
/highstock.js.[0K
The file will have its original line endings in your working directory.[0K
warning: LF will be replaced by CRLF in 20182/Nal/Pregrado/libraryjs/htmlwidgets-1.2/htmlw[0Ki
dgets.js.[0K
The file will have its original line endings in your working directory.[0K
[0K[?25hwarning: LF will be replaced by CRLF in 20182/Nal/Pregrado/libraryjs/jquery-1.12.4/LICENSE[0K.[?25l
txt.[0K
The file will have its original line endings in your working directory.[0K
warning: LF will be replaced by CRLF in 20182/Nal/Pregrado/libraryjs/jquery-1.12.4/jquery.[0Km
in.js.[0K
The file will have its original line endings in your working directory.[0K
warning: LF will be replaced by CRLF in 20182/Nal/Pregrado/libraryjs/jszip-1.10.16/jszip.m[0Ki
n.js.[0K
The file will have its original line endings in your working directory.[0K
warning: LF will be replaced by CRLF in 20182/Nal/Pregrado/libraryjs/nouislider-7.0.10/jqu[0Ke
ry.nouislider.min.css.[0K
The file will have its original line endings in your working directory.[0K
warning: LF will be replaced by CRLF in 20182/Nal/Pregrado/libraryjs/nouislider-7.0.10/jqu[0Ke
ry.nouislider.min.js.[0K
The file will have its original line endings in your working directory.[0K
warning: LF will be replaced by CRLF in 20182/Nal/Pregrado/libraryjs/pdfmake-1.10.16/pdfma[0Kk
e.min.js.[0K
The file will have its original line endings in your working directory.[0K
[0K[?25hwarning: LF will be replaced by CRLF in 20182/Nal/Pregrado/libraryjs/proj4js-2.3.15/proj4.[0Kj[?25l
s.[0K
The file will have its original line endings in your working directory.[0K
warning: LF will be replaced by CRLF in 20182/Nal/Pregrado/libraryjs/selectize-0.12.0/sele[0Kc
tize.bootstrap3.css.[0K
The file will have its original line endings in your working directory.[0K
warning: LF will be replaced by CRLF in 20182/Nal/Pregrado/libraryjs/selectize-0.12.0/sele[0Kc
tize.min.js.[0K
The file will have its original line endings in your working directory.[0K
[0K[?25h[?25l
[0;32mAlberto@Alberto-HP [0;35m [0;33m~/Documents/ONP/Oficina Nacional de Estadística/Página/Cifras/Graduado[0Ks
/G_Graduados[0;36m (master)[0m[0K
$[0K[3G[?25h[?25l$ g[0K[?25hi[0Kt[0K[7G[?25l$ git c[0K[?25ho[0Km[0Km[0Ki[0Kt[0K[14G[?25l$ git commit -[0K[?25hm[0K[17G[?25l$ git commit -m "[0K[?25h"[0K[18G[?25l$ git commit -m "P"[0K[19G[?25h[?25l$ git commit -m "Pr"[0K[20G[?25h[?25l$ git commit -m "P"[0K[19G[?25h[?25l$ git commit -m ""[0K[18G[?25h[?25l$ git commit -m "O"[0K[19G[?25h[?25l$ git commit -m "Ob"[0K[20G[?25h[?25l$ git commit -m "Obj"[0K[21G[?25h[?25l$ git commit -m "Obje"[0K[22G[?25h[?25l$ git commit -m "Objet"[0K[23G[?25h[?25l$ git commit -m "Objeto"[0K[24G[?25h[?25l$ git commit -m "Objetos"[0K[25G[?25h[?25l$ git commit -m "Objetos "[0K[26G[?25h[?25l$ git commit -m "Objetos g"[0K[27G[?25h[?25l$ git commit -m "Objetos gr"[0K[28G[?25h[?25l$ git commit -m "Objetos g"[0K[27G[?25h[?25l$ git commit -m "Objetos ga"[0K[28G[?25h[?25l$ git commit -m "Objetos g"[0K[?25h[27G[?25l$ git commit -m "Objetos gr"[0K[28G[?25h[?25l$ git commit -m "Objetos gra"[0K[29G[?25h[?25l$ git commit -m "Objetos graf"[0K[30G[?25h[?25l$ git commit -m "Objetos grafi"[0K[31G[?25h[?25l$ git commit -m "Objetos grafic"[0K[32G[?25h[?25l$ git commit -m "Objetos grafico"[0K[33G[?25h[?25l$ git commit -m "Objetos graficos"[0K[34G[?25h[?25l$ git commit -m "Objetos graficos "[0K[35G[?25h[?25l$ git commit -m "Objetos graficos g"[0K[36G[?25h[?25l$ git commit -m "Objetos graficos gr"[0K[37G[?25h[?25l$ git commit -m "Objetos graficos gra"[0K[38G[?25h[?25l$ git commit -m "Objetos graficos grad"[0K[39G[?25h[?25l$ git commit -m "Objetos graficos gradu"[0K[40G[?25h[?25l$ git commit -m "Objetos graficos gradua"[0K[41G[?25h[?25l$ git commit -m "Objetos graficos graduad"[0K[42G[?25h[?25l$ git commit -m "Objetos graficos graduado"[0K[43G[?25h[?25l$ git commit -m "Objetos graficos graduados"[0K[44G[?25h[?25l$ git commit -m "Objetos graficos graduados "[0K[45G[?25h[?25l$ git commit -m "Objetos graficos graduados p"[0K[46G[?25h[?25l$ git commit -m "Objetos graficos graduados pr"[0K[47G[?25h[?25l$ git commit -m "Objetos graficos graduados pre"[0K[48G[?25h[?25l$ git commit -m "Objetos graficos graduados preg"[0K[49G[?25h[?25l$ git commit -m "Objetos graficos graduados pregr"[0K[50G[?25h[?25l$ git commit -m "Objetos graficos graduados pregra"[0K[51G[?25h[?25l$ git commit -m "Objetos graficos graduados pregrad"[0K[52G[?25h[?25l$ git commit -m "Objetos graficos graduados pregrado"[0K[53G[?25h[?25l$ git commit -m "Objetos graficos graduados pregrado "[0K[54G[?25h[?25l$ git commit -m "Objetos graficos graduados pregrado -"[0K[55G[?25h[?25l$ git commit -m "Objetos graficos graduados pregrado - "[0K[56G[?25h[?25l$ git commit -m "Objetos graficos graduados pregrado - c"[0K[57G[?25h[?25l$ git commit -m "Objetos graficos graduados pregrado - ca"[0K[58G[?25h[?25l$ git commit -m "Objetos graficos graduados pregrado - car"[0K[59G[?25h[?25l$ git commit -m "Objetos graficos graduados pregrado - ca"[0K[58G[?25h[?25l$ git commit -m "Objetos graficos graduados pregrado - c"[0K[57G[?25h[?25l$ git commit -m "Objetos graficos graduados pregrado - "[0K[56G[?25h[?25l$ git commit -m "Objetos graficos graduados pregrado -"[0K[55G[?25h[?25l$ git commit -m "Objetos graficos graduados pregrado "[0K[54G[?25h[?25l$ git commit -m "Objetos graficos graduados pregrado"[0K[53G[?25h[?25l
[0K[?25h[master (root-commit) d91925d] Objetos graficos graduados pregrado[0K[?25l
 328 files changed, 13012 insertions(+)[0K
 create mode 100644 .Rproj.user/B994EF53/console06/60F9C0F6[0K
 create mode 100644 .Rproj.user/B994EF53/console06/INDEX001[0K
 create mode 100644 .Rproj.user/B994EF53/sources/s-EF925DC1/4A9B33CA[0K
 create mode 100644 .Rproj.user/B994EF53/sources/s-EF925DC1/4A9B33CA-contents[0K
 create mode 100644 .Rproj.user/B994EF53/sources/s-EF925DC1/lock_file[0K
 create mode 100644 .Rproj.user/shared/notebooks/patch-chunk-names[0K
 create mode 100644 20182/Nal/Pregrado/A_edad.html[0K
 create mode 100644 20182/Nal/Pregrado/A_estrato.html[0K
 create mode 100644 20182/Nal/Pregrado/A_modalidad.html[0K
 create mode 100644 20182/Nal/Pregrado/A_nacionalidad.html[0K
 create mode 100644 20182/Nal/Pregrado/A_paes.html[0K
 create mode 100644 20182/Nal/Pregrado/A_peama.html[0K
 create mode 100644 20182/Nal/Pregrado/A_sede.html[0K
 create mode 100644 20182/Nal/Pregrado/A_sexo.html[0K
 create mode 100644 20182/Nal/Pregrado/A_snies.html[0K
 create mode 100644 20182/Nal/Pregrado/A_tipo.html[0K
 create mode 100644 20182/Nal/Pregrado/S_edad.html[0K
 create mode 100644 20182/Nal/Pregrado/S_estrato.html[0K
 create mode 100644 20182/Nal/Pregrado/S_modalidad.html[0K
 create mode 100644 20182/Nal/Pregrado/S_nacionalidad.html[0K
 create mode 100644 20182/Nal/Pregrado/S_paes.html[0K
 create mode 100644 20182/Nal/Pregrado/S_peama.html[0K
 create mode 100644 20182/Nal/Pregrado/S_sede.html[0K
 create mode 100644 20182/Nal/Pregrado/S_sexo.html[0K
 create mode 100644 20182/Nal/Pregrado/S_snies.html[0K
 create mode 100644 20182/Nal/Pregrado/S_tipo.html[0K
 create mode 100644 20182/Nal/Pregrado/Serie.html[0K
 create mode 100644 20182/Nal/Pregrado/T_edad.html[0K
 create mode 100644 20182/Nal/Pregrado/T_estrato.html[0K
 create mode 100644 20182/Nal/Pregrado/T_modalidad.html[0K
 create mode 100644 20182/Nal/Pregrado/T_nacionalidad.html[0K
 create mode 100644 20182/Nal/Pregrado/T_paes.html[0K
 create mode 100644 20182/Nal/Pregrado/T_peama.html[0K
 create mode 100644 20182/Nal/Pregrado/T_sede.html[0K
 create mode 100644 20182/Nal/Pregrado/T_sexo.html[0K
 create mode 100644 20182/Nal/Pregrado/T_snies.html[0K
 create mode 100644 20182/Nal/Pregrado/T_tipo.html[0K
 create mode 100644 20182/Nal/Pregrado/libraryjs/crosstalk-1.0.0/css/crosstalk.css[0K
 create mode 100644 20182/Nal/Pregrado/libraryjs/crosstalk-1.0.0/js/crosstalk.js[0K
 create mode 100644 20182/Nal/Pregrado/libraryjs/crosstalk-1.0.0/js/crosstalk.js.map[0K
 create mode 100644 20182/Nal/Pregrado/libraryjs/crosstalk-1.0.0/js/crosstalk.min.js[0K
 create mode 100644 20182/Nal/Pregrado/libraryjs/crosstalk-1.0.0/js/crosstalk.min.js.map[0K
 create mode 100644 20182/Nal/Pregrado/libraryjs/datatables-binding-0.4/css/datatables-cro[0Ks
stalk.css[0K
 create mode 100644 20182/Nal/Pregrado/libraryjs/datatables-binding-0.4/datatables.js[0K
 create mode 100644 20182/Nal/Pregrado/libraryjs/datatables-binding-0.4/datatables.yaml[0K
 create mode 100644 20182/Nal/Pregrado/libraryjs/datatables-binding-0.4/lib/datatables-ext[0Ke
nsions/AutoFill/css/autoFill.bootstrap.min.css[0K
 create mode 100644 20182/Nal/Pregrado/libraryjs/datatables-binding-0.4/lib/datatables-ext[0Ke
nsions/AutoFill/css/autoFill.bootstrap4.min.css[0K
 create mode 100644 20182/Nal/Pregrado/libraryjs/datatables-binding-0.4/lib/datatables-ext[0Ke
nsions/AutoFill/css/autoFill.dataTables.min.css[0K
 create mode 100644 20182/Nal/Pregrado/libraryjs/datatables-binding-0.4/lib/datatables-ext[0Ke
nsions/AutoFill/css/autoFill.foundation.min.css[0K
 create mode 100644 20182/Nal/Pregrado/libraryjs/datatables-binding-0.4/lib/datatables-ext[0Ke
nsions/AutoFill/css/autoFill.jqueryui.min.css[0K
 create mode 100644 20182/Nal/Pregrado/libraryjs/datatables-binding-0.4/lib/datatables-ext[0Ke
nsions/AutoFill/css/autoFill.semanticui.min.css[0K
 create mode 100644 20182/Nal/Pregrado/libraryjs/datatables-binding-0.4/lib/datatables-ext[0Ke
nsions/AutoFill/js/autoFill.bootstrap.min.js[0K
 create mode 100644 20182/Nal/Pregrado/libraryjs/datatables-binding-0.4/lib/datatables-ext[0Ke
nsions/AutoFill/js/autoFill.bootstrap4.min.js[0K
 create mode 100644 20182/Nal/Pregrado/libraryjs/datatables-binding-0.4/lib/datatables-ext[0Ke
nsions/AutoFill/js/autoFill.foundation.min.js[0K
 create mode 100644 20182/Nal/Pregrado/libraryjs/datatables-binding-0.4/lib/datatables-ext[0Ke
nsions/AutoFill/js/autoFill.jqueryui.min.js[0K
 create mode 100644 20182/Nal/Pregrado/libraryjs/datatables-binding-0.4/lib/datatables-ext[0Ke
nsions/AutoFill/js/autoFill.semanticui.min.js[0K
 create mode 100644 20182/Nal/Pregrado/libraryjs/datatables-binding-0.4/lib/datatables-ext[0Ke
nsions/AutoFill/js/dataTables.autoFill.min.js[0K
 create mode 100644 20182/Nal/Pregrado/libraryjs/datatables-binding-0.4/lib/datatables-ext[0Ke
nsions/Buttons/css/buttons.bootstrap.min.css[0K
 create mode 100644 20182/Nal/Pregrado/libraryjs/datatables-binding-0.4/lib/datatables-ext[0Ke
nsions/Buttons/css/buttons.bootstrap4.min.css[0K
 create mode 100644 20182/Nal/Pregrado/libraryjs/datatables-binding-0.4/lib/datatables-ext[0Ke
nsions/Buttons/css/buttons.dataTables.min.css[0K
 create mode 100644 20182/Nal/Pregrado/libraryjs/datatables-binding-0.4/lib/datatables-ext[0Ke
nsions/Buttons/css/buttons.foundation.min.css[0K
 create mode 100644 20182/Nal/Pregrado/libraryjs/datatables-binding-0.4/lib/datatables-ext[0Ke
nsions/Buttons/css/buttons.jqueryui.min.css[0K
 create mode 100644 20182/Nal/Pregrado/libraryjs/datatables-binding-0.4/lib/datatables-ext[0Ke
nsions/Buttons/css/buttons.semanticui.min.css[0K
 create mode 100644 20182/Nal/Pregrado/libraryjs/datatables-binding-0.4/lib/datatables-ext[0Ke
nsions/Buttons/js/buttons.bootstrap.min.js[0K
 create mode 100644 20182/Nal/Pregrado/libraryjs/datatables-binding-0.4/lib/datatables-ext[0Ke
nsions/Buttons/js/buttons.bootstrap4.min.js[0K
 create mode 100644 20182/Nal/Pregrado/libraryjs/datatables-binding-0.4/lib/datatables-ext[0Ke
nsions/Buttons/js/buttons.colVis.min.js[0K
 create mode 100644 20182/Nal/Pregrado/libraryjs/datatables-binding-0.4/lib/datatables-ext[0Ke
nsions/Buttons/js/buttons.flash.min.js[0K
 create mode 100644 20182/Nal/Pregrado/libraryjs/datatables-binding-0.4/lib/datatables-ext[0Ke
nsions/Buttons/js/buttons.foundation.min.js[0K
 create mode 100644 20182/Nal/Pregrado/libraryjs/datatables-binding-0.4/lib/datatables-ext[0Ke
nsions/Buttons/js/buttons.html5.min.js[0K
 create mode 100644 20182/Nal/Pregrado/libraryjs/datatables-binding-0.4/lib/datatables-ext[0Ke
nsions/Buttons/js/buttons.jqueryui.min.js[0K
 create mode 100644 20182/Nal/Pregrado/libraryjs/datatables-binding-0.4/lib/datatables-ext[0Ke
nsions/Buttons/js/buttons.print.min.js[0K
 create mode 100644 20182/Nal/Pregrado/libraryjs/datatables-binding-0.4/lib/datatables-ext[0Ke
nsions/Buttons/js/buttons.semanticui.min.js[0K
 create mode 100644 20182/Nal/Pregrado/libraryjs/datatables-binding-0.4/lib/datatables-ext[0Ke
nsions/Buttons/js/dataTables.buttons.min.js[0K
 create mode 100644 20182/Nal/Pregrado/libraryjs/datatables-binding-0.4/lib/datatables-ext[0Ke
nsions/Buttons/js/jszip.min.js[0K
 create mode 100644 20182/Nal/Pregrado/libraryjs/datatables-binding-0.4/lib/datatables-ext[0Ke
nsions/Buttons/js/pdfmake.min.js[0K
 create mode 100644 20182/Nal/Pregrado/libraryjs/datatables-binding-0.4/lib/datatables-ext[0Ke
nsions/Buttons/js/vfs_fonts.js[0K
 create mode 100644 20182/Nal/Pregrado/libraryjs/datatables-binding-0.4/lib/datatables-ext[0Ke
nsions/Buttons/swf/flashExport.swf[0K
 create mode 100644 20182/Nal/Pregrado/libraryjs/datatables-binding-0.4/lib/datatables-ext[0Ke
nsions/ColReorder/css/colReorder.bootstrap.min.css[0K
 create mode 100644 20182/Nal/Pregrado/libraryjs/datatables-binding-0.4/lib/datatables-ext[0Ke
nsions/ColReorder/css/colReorder.bootstrap4.min.css[0K
 create mode 100644 20182/Nal/Pregrado/libraryjs/datatables-binding-0.4/lib/datatables-ext[0Ke
nsions/ColReorder/css/colReorder.dataTables.min.css[0K
 create mode 100644 20182/Nal/Pregrado/libraryjs/datatables-binding-0.4/lib/datatables-ext[0Ke
nsions/ColReorder/css/colReorder.foundation.min.css[0K
 create mode 100644 20182/Nal/Pregrado/libraryjs/datatables-binding-0.4/lib/datatables-ext[0Ke
nsions/ColReorder/css/colReorder.jqueryui.min.css[0K
 create mode 100644 20182/Nal/Pregrado/libraryjs/datatables-binding-0.4/lib/datatables-ext[0Ke
nsions/ColReorder/css/colReorder.semanticui.min.css[0K
 create mode 100644 20182/Nal/Pregrado/libraryjs/datatables-binding-0.4/lib/datatables-ext[0Ke
nsions/ColReorder/js/dataTables.colReorder.min.js[0K
 create mode 100644 20182/Nal/Pregrado/libraryjs/datatables-binding-0.4/lib/datatables-ext[0Ke
nsions/FixedColumns/css/fixedColumns.bootstrap.min.css[0K
 create mode 100644 20182/Nal/Pregrado/libraryjs/datatables-binding-0.4/lib/datatables-ext[0Ke
nsions/FixedColumns/css/fixedColumns.bootstrap4.min.css[0K
 create mode 100644 20182/Nal/Pregrado/libraryjs/datatables-binding-0.4/lib/datatables-ext[0Ke
nsions/FixedColumns/css/fixedColumns.dataTables.min.css[0K
 create mode 100644 20182/Nal/Pregrado/libraryjs/datatables-binding-0.4/lib/datatables-ext[0Ke
nsions/FixedColumns/css/fixedColumns.foundation.min.css[0K
 create mode 100644 20182/Nal/Pregrado/libraryjs/datatables-binding-0.4/lib/datatables-ext[0Ke
nsions/FixedColumns/css/fixedColumns.jqueryui.min.css[0K
 create mode 100644 20182/Nal/Pregrado/libraryjs/datatables-binding-0.4/lib/datatables-ext[0Ke
nsions/FixedColumns/css/fixedColumns.semanticui.min.css[0K
 create mode 100644 20182/Nal/Pregrado/libraryjs/datatables-binding-0.4/lib/datatables-ext[0Ke
nsions/FixedColumns/js/dataTables.fixedColumns.min.js[0K
 create mode 100644 20182/Nal/Pregrado/libraryjs/datatables-binding-0.4/lib/datatables-ext[0Ke
nsions/FixedHeader/css/fixedHeader.bootstrap.min.css[0K
 create mode 100644 20182/Nal/Pregrado/libraryjs/datatables-binding-0.4/lib/datatables-ext[0Ke
nsions/FixedHeader/css/fixedHeader.bootstrap4.min.css[0K
 create mode 100644 20182/Nal/Pregrado/libraryjs/datatables-binding-0.4/lib/datatables-ext[0Ke
nsions/FixedHeader/css/fixedHeader.dataTables.min.css[0K
 create mode 100644 20182/Nal/Pregrado/libraryjs/datatables-binding-0.4/lib/datatables-ext[0Ke
nsions/FixedHeader/css/fixedHeader.foundation.min.css[0K
 create mode 100644 20182/Nal/Pregrado/libraryjs/datatables-binding-0.4/lib/datatables-ext[0Ke
nsions/FixedHeader/css/fixedHeader.jqueryui.min.css[0K
 create mode 100644 20182/Nal/Pregrado/libraryjs/datatables-binding-0.4/lib/datatables-ext[0Ke
nsions/FixedHeader/css/fixedHeader.semanticui.min.css[0K
 create mode 100644 20182/Nal/Pregrado/libraryjs/datatables-binding-0.4/lib/datatables-ext[0Ke
nsions/FixedHeader/js/dataTables.fixedHeader.min.js[0K
 create mode 100644 20182/Nal/Pregrado/libraryjs/datatables-binding-0.4/lib/datatables-ext[0Ke
nsions/KeyTable/css/keyTable.bootstrap.min.css[0K
 create mode 100644 20182/Nal/Pregrado/libraryjs/datatables-binding-0.4/lib/datatables-ext[0Ke
nsions/KeyTable/css/keyTable.bootstrap4.min.css[0K
 create mode 100644 20182/Nal/Pregrado/libraryjs/datatables-binding-0.4/lib/datatables-ext[0Ke
nsions/KeyTable/css/keyTable.dataTables.min.css[0K
 create mode 100644 20182/Nal/Pregrado/libraryjs/datatables-binding-0.4/lib/datatables-ext[0Ke
nsions/KeyTable/css/keyTable.foundation.min.css[0K
 create mode 100644 20182/Nal/Pregrado/libraryjs/datatables-binding-0.4/lib/datatables-ext[0Ke
nsions/KeyTable/css/keyTable.jqueryui.min.css[0K
 create mode 100644 20182/Nal/Pregrado/libraryjs/datatables-binding-0.4/lib/datatables-ext[0Ke
nsions/KeyTable/css/keyTable.semanticui.min.css[0K
 create mode 100644 20182/Nal/Pregrado/libraryjs/datatables-binding-0.4/lib/datatables-ext[0Ke
nsions/KeyTable/js/dataTables.keyTable.min.js[0K
 create mode 100644 20182/Nal/Pregrado/libraryjs/datatables-binding-0.4/lib/datatables-ext[0Ke
nsions/Responsive/css/responsive.bootstrap.min.css[0K
 create mode 100644 20182/Nal/Pregrado/libraryjs/datatables-binding-0.4/lib/datatables-ext[0Ke
nsions/Responsive/css/responsive.bootstrap4.min.css[0K
 create mode 100644 20182/Nal/Pregrado/libraryjs/datatables-binding-0.4/lib/datatables-ext[0Ke
nsions/Responsive/css/responsive.dataTables.min.css[0K
 create mode 100644 20182/Nal/Pregrado/libraryjs/datatables-binding-0.4/lib/datatables-ext[0Ke
nsions/Responsive/css/responsive.foundation.min.css[0K
 create mode 100644 20182/Nal/Pregrado/libraryjs/datatables-binding-0.4/lib/datatables-ext[0Ke
nsions/Responsive/css/responsive.jqueryui.min.css[0K
 create mode 100644 20182/Nal/Pregrado/libraryjs/datatables-binding-0.4/lib/datatables-ext[0Ke
nsions/Responsive/css/responsive.semanticui.min.css[0K
 create mode 100644 20182/Nal/Pregrado/libraryjs/datatables-binding-0.4/lib/datatables-ext[0Ke
nsions/Responsive/js/dataTables.responsive.min.js[0K
 create mode 100644 20182/Nal/Pregrado/libraryjs/datatables-binding-0.4/lib/datatables-ext[0Ke
nsions/Responsive/js/responsive.bootstrap.min.js[0K
 create mode 100644 20182/Nal/Pregrado/libraryjs/datatables-binding-0.4/lib/datatables-ext[0Ke
nsions/Responsive/js/responsive.bootstrap4.min.js[0K
 create mode 100644 20182/Nal/Pregrado/libraryjs/datatables-binding-0.4/lib/datatables-ext[0Ke
nsions/Responsive/js/responsive.foundation.min.js[0K
 create mode 100644 20182/Nal/Pregrado/libraryjs/datatables-binding-0.4/lib/datatables-ext[0Ke
nsions/Responsive/js/responsive.jqueryui.min.js[0K
 create mode 100644 20182/Nal/Pregrado/libraryjs/datatables-binding-0.4/lib/datatables-ext[0Ke
nsions/Responsive/js/responsive.semanticui.min.js[0K
 create mode 100644 20182/Nal/Pregrado/libraryjs/datatables-binding-0.4/lib/datatables-ext[0Ke
nsions/RowGroup/css/rowGroup.bootstrap.min.css[0K
 create mode 100644 20182/Nal/Pregrado/libraryjs/datatables-binding-0.4/lib/datatables-ext[0Ke
nsions/RowGroup/css/rowGroup.bootstrap4.min.css[0K
 create mode 100644 20182/Nal/Pregrado/libraryjs/datatables-binding-0.4/lib/datatables-ext[0Ke
nsions/RowGroup/css/rowGroup.dataTables.min.css[0K
 create mode 100644 20182/Nal/Pregrado/libraryjs/datatables-binding-0.4/lib/datatables-ext[0Ke
nsions/RowGroup/css/rowGroup.foundation.min.css[0K
 create mode 100644 20182/Nal/Pregrado/libraryjs/datatables-binding-0.4/lib/datatables-ext[0Ke
nsions/RowGroup/css/rowGroup.jqueryui.min.css[0K
 create mode 100644 20182/Nal/Pregrado/libraryjs/datatables-binding-0.4/lib/datatables-ext[0Ke
nsions/RowGroup/css/rowGroup.semanticui.min.css[0K
 create mode 100644 20182/Nal/Pregrado/libraryjs/datatables-binding-0.4/lib/datatables-ext[0Ke
nsions/RowGroup/js/dataTables.rowGroup.min.js[0K
 create mode 100644 20182/Nal/Pregrado/libraryjs/datatables-binding-0.4/lib/datatables-ext[0Ke
nsions/RowReorder/css/rowReorder.bootstrap.min.css[0K
 create mode 100644 20182/Nal/Pregrado/libraryjs/datatables-binding-0.4/lib/datatables-ext[0Ke
nsions/RowReorder/css/rowReorder.bootstrap4.min.css[0K
 create mode 100644 20182/Nal/Pregrado/libraryjs/datatables-binding-0.4/lib/datatables-ext[0Ke
nsions/RowReorder/css/rowReorder.dataTables.min.css[0K
 create mode 100644 20182/Nal/Pregrado/libraryjs/datatables-binding-0.4/lib/datatables-ext[0Ke
nsions/RowReorder/css/rowReorder.foundation.min.css[0K
 create mode 100644 20182/Nal/Pregrado/libraryjs/datatables-binding-0.4/lib/datatables-ext[0Ke
nsions/RowReorder/css/rowReorder.jqueryui.min.css[0K
 create mode 100644 20182/Nal/Pregrado/libraryjs/datatables-binding-0.4/lib/datatables-ext[0Ke
nsions/RowReorder/css/rowReorder.semanticui.min.css[0K
 create mode 100644 20182/Nal/Pregrado/libraryjs/datatables-binding-0.4/lib/datatables-ext[0Ke
nsions/RowReorder/js/dataTables.rowReorder.min.js[0K
 create mode 100644 20182/Nal/Pregrado/libraryjs/datatables-binding-0.4/lib/datatables-ext[0Ke
nsions/Scroller/css/scroller.bootstrap.min.css[0K
 create mode 100644 20182/Nal/Pregrado/libraryjs/datatables-binding-0.4/lib/datatables-ext[0Ke
nsions/Scroller/css/scroller.bootstrap4.min.css[0K
 create mode 100644 20182/Nal/Pregrado/libraryjs/datatables-binding-0.4/lib/datatables-ext[0Ke
nsions/Scroller/css/scroller.dataTables.min.css[0K
 create mode 100644 20182/Nal/Pregrado/libraryjs/datatables-binding-0.4/lib/datatables-ext[0Ke
nsions/Scroller/css/scroller.foundation.min.css[0K
 create mode 100644 20182/Nal/Pregrado/libraryjs/datatables-binding-0.4/lib/datatables-ext[0Ke
nsions/Scroller/css/scroller.jqueryui.min.css[0K
 create mode 100644 20182/Nal/Pregrado/libraryjs/datatables-binding-0.4/lib/datatables-ext[0Ke
nsions/Scroller/css/scroller.semanticui.min.css[0K
 create mode 100644 20182/Nal/Pregrado/libraryjs/datatables-binding-0.4/lib/datatables-ext[0Ke
nsions/Scroller/js/dataTables.scroller.min.js[0K
 create mode 100644 20182/Nal/Pregrado/libraryjs/datatables-binding-0.4/lib/datatables-ext[0Ke
nsions/Select/css/select.bootstrap.min.css[0K
 create mode 100644 20182/Nal/Pregrado/libraryjs/datatables-binding-0.4/lib/datatables-ext[0Ke
nsions/Select/css/select.bootstrap4.min.css[0K
 create mode 100644 20182/Nal/Pregrado/libraryjs/datatables-binding-0.4/lib/datatables-ext[0Ke
nsions/Select/css/select.dataTables.min.css[0K
 create mode 100644 20182/Nal/Pregrado/libraryjs/datatables-binding-0.4/lib/datatables-ext[0Ke
nsions/Select/css/select.foundation.min.css[0K
 create mode 100644 20182/Nal/Pregrado/libraryjs/datatables-binding-0.4/lib/datatables-ext[0Ke
nsions/Select/css/select.jqueryui.min.css[0K
 create mode 100644 20182/Nal/Pregrado/libraryjs/datatables-binding-0.4/lib/datatables-ext[0Ke
nsions/Select/css/select.semanticui.min.css[0K
 create mode 100644 20182/Nal/Pregrado/libraryjs/datatables-binding-0.4/lib/datatables-ext[0Ke
nsions/Select/js/dataTables.select.min.js[0K
 create mode 100644 20182/Nal/Pregrado/libraryjs/datatables-binding-0.4/lib/datatables-plu[0Kg
ins/natural/natural.js[0K
 create mode 100644 20182/Nal/Pregrado/libraryjs/datatables-binding-0.4/lib/datatables-plu[0Kg
ins/searchHighlight/dataTables.searchHighlight.css[0K
 create mode 100644 20182/Nal/Pregrado/libraryjs/datatables-binding-0.4/lib/datatables-plu[0Kg
ins/searchHighlight/dataTables.searchHighlight.min.js[0K
 create mode 100644 20182/Nal/Pregrado/libraryjs/datatables-binding-0.4/lib/datatables-plu[0Kg
ins/searchHighlight/jquery.highlight.js[0K
 create mode 100644 20182/Nal/Pregrado/libraryjs/datatables-binding-0.4/lib/datatables/css[0K/
dataTables.bootstrap.extra.css[0K
 create mode 100644 20182/Nal/Pregrado/libraryjs/datatables-binding-0.4/lib/datatables/css[0K/
dataTables.bootstrap.min.css[0K
 create mode 100644 20182/Nal/Pregrado/libraryjs/datatables-binding-0.4/lib/datatables/css[0K/
dataTables.bootstrap4.min.css[0K
 create mode 100644 20182/Nal/Pregrado/libraryjs/datatables-binding-0.4/lib/datatables/css[0K/
dataTables.foundation.min.css[0K
 create mode 100644 20182/Nal/Pregrado/libraryjs/datatables-binding-0.4/lib/datatables/css[0K/
dataTables.jqueryui.min.css[0K
 create mode 100644 20182/Nal/Pregrado/libraryjs/datatables-binding-0.4/lib/datatables/css[0K/
dataTables.material.min.css[0K
 create mode 100644 20182/Nal/Pregrado/libraryjs/datatables-binding-0.4/lib/datatables/css[0K/
dataTables.semanticui.min.css[0K
 create mode 100644 20182/Nal/Pregrado/libraryjs/datatables-binding-0.4/lib/datatables/css[0K/
dataTables.uikit.min.css[0K
 create mode 100644 20182/Nal/Pregrado/libraryjs/datatables-binding-0.4/lib/datatables/css[0K/
jquery.dataTables.extra.css[0K
 create mode 100644 20182/Nal/Pregrado/libraryjs/datatables-binding-0.4/lib/datatables/css[0K/
jquery.dataTables.min.css[0K
 create mode 100644 20182/Nal/Pregrado/libraryjs/datatables-binding-0.4/lib/datatables/js/[0Kd
ataTables.bootstrap.min.js[0K
 create mode 100644 20182/Nal/Pregrado/libraryjs/datatables-binding-0.4/lib/datatables/js/[0Kd
ataTables.bootstrap4.min.js[0K
 create mode 100644 20182/Nal/Pregrado/libraryjs/datatables-binding-0.4/lib/datatables/js/[0Kd
ataTables.foundation.min.js[0K
 create mode 100644 20182/Nal/Pregrado/libraryjs/datatables-binding-0.4/lib/datatables/js/[0Kd
ataTables.jqueryui.min.js[0K
 create mode 100644 20182/Nal/Pregrado/libraryjs/datatables-binding-0.4/lib/datatables/js/[0Kd
ataTables.material.min.js[0K
 create mode 100644 20182/Nal/Pregrado/libraryjs/datatables-binding-0.4/lib/datatables/js/[0Kd
ataTables.semanticui.min.js[0K
 create mode 100644 20182/Nal/Pregrado/libraryjs/datatables-binding-0.4/lib/datatables/js/[0Kd
ataTables.uikit.min.js[0K
 create mode 100644 20182/Nal/Pregrado/libraryjs/datatables-binding-0.4/lib/datatables/js/[0Kj
query.dataTables.min.js[0K
 create mode 100644 20182/Nal/Pregrado/libraryjs/datatables-binding-0.4/lib/datatables/lic[0Ke
nse.txt[0K
 create mode 100644 20182/Nal/Pregrado/libraryjs/datatables-binding-0.4/lib/jquery/LICENSE[0K.
txt[0K
 create mode 100644 20182/Nal/Pregrado/libraryjs/datatables-binding-0.4/lib/jquery/jquery.[0Km
in.js[0K
 create mode 100644 20182/Nal/Pregrado/libraryjs/datatables-binding-0.4/lib/nouislider/jqu[0Ke
ry.nouislider.min.css[0K
 create mode 100644 20182/Nal/Pregrado/libraryjs/datatables-binding-0.4/lib/nouislider/jqu[0Ke
ry.nouislider.min.js[0K
 create mode 100644 20182/Nal/Pregrado/libraryjs/datatables-binding-0.4/lib/selectize/sele[0Kc
tize.bootstrap3.css[0K
 create mode 100644 20182/Nal/Pregrado/libraryjs/datatables-binding-0.4/lib/selectize/sele[0Kc
tize.min.js[0K
 create mode 100644 20182/Nal/Pregrado/libraryjs/datatables-css-0.0.0/datatables-crosstalk[0K.
css[0K
 create mode 100644 20182/Nal/Pregrado/libraryjs/dt-core-1.10.16/css/jquery.dataTables.ext[0Kr
a.css[0K
 create mode 100644 20182/Nal/Pregrado/libraryjs/dt-core-1.10.16/css/jquery.dataTables.min[0K.
css[0K
 create mode 100644 20182/Nal/Pregrado/libraryjs/dt-core-1.10.16/js/jquery.dataTables.min.[0Kj
s[0K
 create mode 100644 20182/Nal/Pregrado/libraryjs/dt-ext-buttons-1.10.16/css/buttons.dataTa[0Kb
les.min.css[0K
 create mode 100644 20182/Nal/Pregrado/libraryjs/dt-ext-buttons-1.10.16/js/buttons.colVis.[0Km
in.js[0K
 create mode 100644 20182/Nal/Pregrado/libraryjs/dt-ext-buttons-1.10.16/js/buttons.flash.m[0Ki
n.js[0K
 create mode 100644 20182/Nal/Pregrado/libraryjs/dt-ext-buttons-1.10.16/js/buttons.html5.m[0Ki
n.js[0K
 create mode 100644 20182/Nal/Pregrado/libraryjs/dt-ext-buttons-1.10.16/js/buttons.print.m[0Ki
n.js[0K
 create mode 100644 20182/Nal/Pregrado/libraryjs/dt-ext-buttons-1.10.16/js/dataTables.butt[0Ko
ns.min.js[0K
 create mode 100644 20182/Nal/Pregrado/libraryjs/dt-ext-keytable-1.10.16/css/keyTable.data[0KT
ables.min.css[0K
 create mode 100644 20182/Nal/Pregrado/libraryjs/dt-ext-keytable-1.10.16/js/dataTables.key[0KT
able.min.js[0K
 create mode 100644 20182/Nal/Pregrado/libraryjs/dt-ext-responsive-1.10.16/css/responsive.[0Kd
ataTables.min.css[0K
 create mode 100644 20182/Nal/Pregrado/libraryjs/dt-ext-responsive-1.10.16/js/dataTables.r[0Ke
sponsive.min.js[0K
 create mode 100644 20182/Nal/Pregrado/libraryjs/dt-plugin-searchhighlight-1.10.16/dataTab[0Kl
es.searchHighlight.css[0K
 create mode 100644 20182/Nal/Pregrado/libraryjs/dt-plugin-searchhighlight-1.10.16/dataTab[0Kl
es.searchHighlight.min.js[0K
 create mode 100644 20182/Nal/Pregrado/libraryjs/dt-plugin-searchhighlight-1.10.16/jquery.[0Kh
ighlight.js[0K
 create mode 100644 20182/Nal/Pregrado/libraryjs/highchart-binding-0.6.0/highchart.js[0K
 create mode 100644 20182/Nal/Pregrado/libraryjs/highchart-binding-0.6.0/highchart.yaml[0K
 create mode 100644 20182/Nal/Pregrado/libraryjs/highchart-binding-0.6.0/highchart2.js[0K
 create mode 100644 20182/Nal/Pregrado/libraryjs/highchart-binding-0.6.0/highchart2.yaml[0K
 create mode 100644 20182/Nal/Pregrado/libraryjs/highchart-binding-0.6.0/highchartct.js[0K
 create mode 100644 20182/Nal/Pregrado/libraryjs/highchart-binding-0.6.0/highchartct.yaml[0K
 create mode 100644 20182/Nal/Pregrado/libraryjs/highchart-binding-0.6.0/highchartzero.js[0K
 create mode 100644 20182/Nal/Pregrado/libraryjs/highchart-binding-0.6.0/highchartzero.yam[0Kl
[0K
 create mode 100644 20182/Nal/Pregrado/libraryjs/highchart-binding-0.6.0/lib/highcharts-6.[0K0
.3/css/motion.css[0K
 create mode 100644 20182/Nal/Pregrado/libraryjs/highchart-binding-0.6.0/lib/highcharts-6.[0K0
.3/custom/reset.js[0K
 create mode 100644 20182/Nal/Pregrado/libraryjs/highchart-binding-0.6.0/lib/highcharts-6.[0K0
.3/custom/symbols-extra.js[0K
 create mode 100644 20182/Nal/Pregrado/libraryjs/highchart-binding-0.6.0/lib/highcharts-6.[0K0
.3/custom/text-symbols.js[0K
 create mode 100644 20182/Nal/Pregrado/libraryjs/highchart-binding-0.6.0/lib/highcharts-6.[0K0
.3/highcharts-3d.js[0K
 create mode 100644 20182/Nal/Pregrado/libraryjs/highchart-binding-0.6.0/lib/highcharts-6.[0K0
.3/highcharts-more.js[0K
 create mode 100644 20182/Nal/Pregrado/libraryjs/highchart-binding-0.6.0/lib/highcharts-6.[0K0
.3/highcharts.js[0K
 create mode 100644 20182/Nal/Pregrado/libraryjs/highchart-binding-0.6.0/lib/highcharts-6.[0K0
.3/maps/modules/map.js[0K
 create mode 100644 20182/Nal/Pregrado/libraryjs/highchart-binding-0.6.0/lib/highcharts-6.[0K0
.3/modules/accessibility.js[0K
 create mode 100644 20182/Nal/Pregrado/libraryjs/highchart-binding-0.6.0/lib/highcharts-6.[0K0
.3/modules/annotations.js[0K
 create mode 100644 20182/Nal/Pregrado/libraryjs/highchart-binding-0.6.0/lib/highcharts-6.[0K0
.3/modules/boost-canvas.js[0K
 create mode 100644 20182/Nal/Pregrado/libraryjs/highchart-binding-0.6.0/lib/highcharts-6.[0K0
.3/modules/boost.js[0K
 create mode 100644 20182/Nal/Pregrado/libraryjs/highchart-binding-0.6.0/lib/highcharts-6.[0K0
.3/modules/broken-axis.js[0K
 create mode 100644 20182/Nal/Pregrado/libraryjs/highchart-binding-0.6.0/lib/highcharts-6.[0K0
.3/modules/bullet.js[0K
 create mode 100644 20182/Nal/Pregrado/libraryjs/highchart-binding-0.6.0/lib/highcharts-6.[0K0
.3/modules/data.js[0K
 create mode 100644 20182/Nal/Pregrado/libraryjs/highchart-binding-0.6.0/lib/highcharts-6.[0K0
.3/modules/drag-panes.js[0K
 create mode 100644 20182/Nal/Pregrado/libraryjs/highchart-binding-0.6.0/lib/highcharts-6.[0K0
.3/modules/drilldown.js[0K
 create mode 100644 20182/Nal/Pregrado/libraryjs/highchart-binding-0.6.0/lib/highcharts-6.[0K0
.3/modules/export-data.js[0K
 create mode 100644 20182/Nal/Pregrado/libraryjs/highchart-binding-0.6.0/lib/highcharts-6.[0K0
.3/modules/exporting.js[0K
 create mode 100644 20182/Nal/Pregrado/libraryjs/highchart-binding-0.6.0/lib/highcharts-6.[0K0
.3/modules/funnel.js[0K
 create mode 100644 20182/Nal/Pregrado/libraryjs/highchart-binding-0.6.0/lib/highcharts-6.[0K0
.3/modules/gantt.js[0K
 create mode 100644 20182/Nal/Pregrado/libraryjs/highchart-binding-0.6.0/lib/highcharts-6.[0K0
.3/modules/grid-axis.js[0K
 create mode 100644 20182/Nal/Pregrado/libraryjs/highchart-binding-0.6.0/lib/highcharts-6.[0K0
.3/modules/heatmap.js[0K
 create mode 100644 20182/Nal/Pregrado/libraryjs/highchart-binding-0.6.0/lib/highcharts-6.[0K0
.3/modules/histogram-bellcurve.js[0K
 create mode 100644 20182/Nal/Pregrado/libraryjs/highchart-binding-0.6.0/lib/highcharts-6.[0K0
.3/modules/item-series.js[0K
 create mode 100644 20182/Nal/Pregrado/libraryjs/highchart-binding-0.6.0/lib/highcharts-6.[0K0
.3/modules/no-data-to-display.js[0K
 create mode 100644 20182/Nal/Pregrado/libraryjs/highchart-binding-0.6.0/lib/highcharts-6.[0K0
.3/modules/offline-exporting.js[0K
 create mode 100644 20182/Nal/Pregrado/libraryjs/highchart-binding-0.6.0/lib/highcharts-6.[0K0
.3/modules/oldie.js[0K
 create mode 100644 20182/Nal/Pregrado/libraryjs/highchart-binding-0.6.0/lib/highcharts-6.[0K0
.3/modules/overlapping-datalabels.js[0K
 create mode 100644 20182/Nal/Pregrado/libraryjs/highchart-binding-0.6.0/lib/highcharts-6.[0K0
.3/modules/parallel-coordinates.js[0K
 create mode 100644 20182/Nal/Pregrado/libraryjs/highchart-binding-0.6.0/lib/highcharts-6.[0K0
.3/modules/pareto.js[0K
 create mode 100644 20182/Nal/Pregrado/libraryjs/highchart-binding-0.6.0/lib/highcharts-6.[0K0
.3/modules/sankey.js[0K
 create mode 100644 20182/Nal/Pregrado/libraryjs/highchart-binding-0.6.0/lib/highcharts-6.[0K0
.3/modules/series-label.js[0K
 create mode 100644 20182/Nal/Pregrado/libraryjs/highchart-binding-0.6.0/lib/highcharts-6.[0K0
.3/modules/solid-gauge.js[0K
 create mode 100644 20182/Nal/Pregrado/libraryjs/highchart-binding-0.6.0/lib/highcharts-6.[0K0
.3/modules/static-scale.js[0K
 create mode 100644 20182/Nal/Pregrado/libraryjs/highchart-binding-0.6.0/lib/highcharts-6.[0K0
.3/modules/stock.js[0K
 create mode 100644 20182/Nal/Pregrado/libraryjs/highchart-binding-0.6.0/lib/highcharts-6.[0K0
.3/modules/streamgraph.js[0K
 create mode 100644 20182/Nal/Pregrado/libraryjs/highchart-binding-0.6.0/lib/highcharts-6.[0K0
.3/modules/sunburst.js[0K
 create mode 100644 20182/Nal/Pregrado/libraryjs/highchart-binding-0.6.0/lib/highcharts-6.[0K0
.3/modules/treemap.js[0K
 create mode 100644 20182/Nal/Pregrado/libraryjs/highchart-binding-0.6.0/lib/highcharts-6.[0K0
.3/modules/variable-pie.js[0K
 create mode 100644 20182/Nal/Pregrado/libraryjs/highchart-binding-0.6.0/lib/highcharts-6.[0K0
.3/modules/variwide.js[0K
 create mode 100644 20182/Nal/Pregrado/libraryjs/highchart-binding-0.6.0/lib/highcharts-6.[0K0
.3/modules/vector.js[0K
 create mode 100644 20182/Nal/Pregrado/libraryjs/highchart-binding-0.6.0/lib/highcharts-6.[0K0
.3/modules/windbarb.js[0K
 create mode 100644 20182/Nal/Pregrado/libraryjs/highchart-binding-0.6.0/lib/highcharts-6.[0K0
.3/modules/wordcloud.js[0K
 create mode 100644 20182/Nal/Pregrado/libraryjs/highchart-binding-0.6.0/lib/highcharts-6.[0K0
.3/modules/xrange.js[0K
 create mode 100644 20182/Nal/Pregrado/libraryjs/highchart-binding-0.6.0/lib/highcharts-6.[0K0
.3/plugins/annotations.js[0K
 create mode 100644 20182/Nal/Pregrado/libraryjs/highchart-binding-0.6.0/lib/highcharts-6.[0K0
.3/plugins/draggable-legend.js[0K
 create mode 100644 20182/Nal/Pregrado/libraryjs/highchart-binding-0.6.0/lib/highcharts-6.[0K0
.3/plugins/draggable-points.js[0K
 create mode 100644 20182/Nal/Pregrado/libraryjs/highchart-binding-0.6.0/lib/highcharts-6.[0K0
.3/plugins/export-csv.js[0K
 create mode 100644 20182/Nal/Pregrado/libraryjs/highchart-binding-0.6.0/lib/highcharts-6.[0K0
.3/plugins/grouped-categories.js[0K
 create mode 100644 20182/Nal/Pregrado/libraryjs/highchart-binding-0.6.0/lib/highcharts-6.[0K0
.3/plugins/highcharts-regression.js[0K
 create mode 100644 20182/Nal/Pregrado/libraryjs/highchart-binding-0.6.0/lib/highcharts-6.[0K0
.3/plugins/motion.js[0K
 create mode 100644 20182/Nal/Pregrado/libraryjs/highchart-binding-0.6.0/lib/highcharts-6.[0K0
.3/plugins/multico[0K[?25hlor_series.js[0K[?25l
 create mode 100644 20182/Nal/Pregrado/libraryjs/highchart-binding-0.6.0/lib/highcharts-6.[0K0
.3/plugins/pattern-fill-v2.js[0K
 create mode 100644 20182/Nal/Pregrado/libraryjs/highchart-binding-0.6.0/lib/highcharts-6.[0K0
.3/plugins/tooltip-delay.js[0K
 create mode 100644 20182/Nal/Pregrado/libraryjs/highchart-binding-0.6.0/lib/highcharts-6.[0K0
.3/stock/highstock.js[0K
 create mode 100644 20182/Nal/Pregrado/libraryjs/highchart-binding-0.6.0/lib/htmlwdgtgrid/[0Kh
tmlwdgtgrid.css[0K
 create mode 100644 20182/Nal/Pregrado/libraryjs/highchart-binding-0.6.0/lib/jquery/jquery[0K.
min.js[0K
 create mode 100644 20182/Nal/Pregrado/libraryjs/highchart-binding-0.6.0/lib/proj4js/proj4[0K.
js[0K
 create mode 100644 20182/Nal/Pregrado/libraryjs/highcharts-6.0.3/css/motion.css[0K
 create mode 100644 20182/Nal/Pregrado/libraryjs/highcharts-6.0.3/custom/reset.js[0K
 create mode 100644 20182/Nal/Pregrado/libraryjs/highcharts-6.0.3/custom/symbols-extra.js[0K
 create mode 100644 20182/Nal/Pregrado/libraryjs/highcharts-6.0.3/custom/text-symbols.js[0K
 create mode 100644 20182/Nal/Pregrado/libraryjs/highcharts-6.0.3/highcharts-3d.js[0K
 create mode 100644 20182/Nal/Pregrado/libraryjs/highcharts-6.0.3/highcharts-more.js[0K
 create mode 100644 20182/Nal/Pregrado/libraryjs/highcharts-6.0.3/highcharts.js[0K
 create mode 100644 20182/Nal/Pregrado/libraryjs/highcharts-6.0.3/maps/modules/map.js[0K
 create mode 100644 20182/Nal/Pregrado/libraryjs/highcharts-6.0.3/modules/accessibility.js[0K
 create mode 100644 20182/Nal/Pregrado/libraryjs/highcharts-6.0.3/modules/annotations.js[0K
 create mode 100644 20182/Nal/Pregrado/libraryjs/highcharts-6.0.3/modules/boost-canvas.js[0K
 create mode 100644 20182/Nal/Pregrado/libraryjs/highcharts-6.0.3/modules/boost.js[0K
 create mode 100644 20182/Nal/Pregrado/libraryjs/highcharts-6.0.3/modules/broken-axis.js[0K
 create mode 100644 20182/Nal/Pregrado/libraryjs/highcharts-6.0.3/modules/bullet.js[0K
 create mode 100644 20182/Nal/Pregrado/libraryjs/highcharts-6.0.3/modules/data.js[0K
 create mode 100644 20182/Nal/Pregrado/libraryjs/highcharts-6.0.3/modules/drag-panes.js[0K
 create mode 100644 20182/Nal/Pregrado/libraryjs/highcharts-6.0.3/modules/drilldown.js[0K
 create mode 100644 20182/Nal/Pregrado/libraryjs/highcharts-6.0.3/modules/export-data.js[0K
 create mode 100644 20182/Nal/Pregrado/libraryjs/highcharts-6.0.3/modules/exporting.js[0K
 create mode 100644 20182/Nal/Pregrado/libraryjs/highcharts-6.0.3/modules/funnel.js[0K
 create mode 100644 20182/Nal/Pregrado/libraryjs/highcharts-6.0.3/modules/gantt.js[0K
 create mode 100644 20182/Nal/Pregrado/libraryjs/highcharts-6.0.3/modules/grid-axis.js[0K
 create mode 100644 20182/Nal/Pregrado/libraryjs/highcharts-6.0.3/modules/heatmap.js[0K
 create mode 100644 20182/Nal/Pregrado/libraryjs/highcharts-6.0.3/modules/histogram-bellcu[0Kr
ve.js[0K
 create mode 100644 20182/Nal/Pregrado/libraryjs/highcharts-6.0.3/modules/item-series.js[0K
 create mode 100644 20182/Nal/Pregrado/libraryjs/highcharts-6.0.3/modules/no-data-to-displ[0Ka
y.js[0K
 create mode 100644 20182/Nal/Pregrado/libraryjs/highcharts-6.0.3/modules/offline-exportin[0Kg
.js[0K
 create mode 100644 20182/Nal/Pregrado/libraryjs/highcharts-6.0.3/modules/oldie.js[0K
 create mode 100644 20182/Nal/Pregrado/libraryjs/highcharts-6.0.3/modules/overlapping-data[0Kl
abels.js[0K
 create mode 100644 20182/Nal/Pregrado/libraryjs/highcharts-6.0.3/modules/parallel-coordin[0Ka
tes.js[0K
 create mode 100644 20182/Nal/Pregrado/libraryjs/highcharts-6.0.3/modules/pareto.js[0K
 create mode 100644 20182/Nal/Pregrado/libraryjs/highcharts-6.0.3/modules/sankey.js[0K
 create mode 100644 20182/Nal/Pregrado/libraryjs/highcharts-6.0.3/modules/series-label.js[0K
 create mode 100644 20182/Nal/Pregrado/libraryjs/highcharts-6.0.3/modules/solid-gauge.js[0K
 create mode 100644 20182/Nal/Pregrado/libraryjs/highcharts-6.0.3/modules/static-scale.js[0K
 create mode 100644 20182/Nal/Pregrado/libraryjs/highcharts-6.0.3/modules/stock.js[0K
 create mode 100644 20182/Nal/Pregrado/libraryjs/highcharts-6.0.3/modules/streamgraph.js[0K
 create mode 100644 20182/Nal/Pregrado/libraryjs/highcharts-6.0.3/modules/sunburst.js[0K
 create mode 100644 20182/Nal/Pregrado/libraryjs/highcharts-6.0.3/modules/treemap.js[0K
 create mode 100644 20182/Nal/Pregrado/libraryjs/highcharts-6.0.3/modules/variable-pie.js[0K
 create mode 100644 20182/Nal/Pregrado/libraryjs/highcharts-6.0.3/modules/variwide.js[0K
 create mode 100644 20182/Nal/Pregrado/libraryjs/highcharts-6.0.3/modules/vector.js[0K
 create mode 100644 20182/Nal/Pregrado/libraryjs/highcharts-6.0.3/modules/windbarb.js[0K
 create mode 100644 20182/Nal/Pregrado/libraryjs/highcharts-6.0.3/modules/wordcloud.js[0K
 create mode 100644 20182/Nal/Pregrado/libraryjs/highcharts-6.0.3/modules/xrange.js[0K
 create mode 100644 20182/Nal/Pregrado/libraryjs/highcharts-6.0.3/plugins/annotations.js[0K
 create mode 100644 20182/Nal/Pregrado/libraryjs/highcharts-6.0.3/plugins/draggable-legend[0K.
js[0K
 create mode 100644 20182/Nal/Pregrado/libraryjs/highcharts-6.0.3/plugins/draggable-points[0K.
js[0K
 create mode 100644 20182/Nal/Pregrado/libraryjs/highcharts-6.0.3/plugins/export-csv.js[0K
 create mode 100644 20182/Nal/Pregrado/libraryjs/highcharts-6.0.3/plugins/grouped-categori[0Ke
s.js[0K
 create mode 100644 20182/Nal/Pregrado/libraryjs/highcharts-6.0.3/plugins/highcharts-regre[0Ks
sion.js[0K
 create mode 100644 20182/Nal/Pregrado/libraryjs/highcharts-6.0.3/plugins/motion.js[0K
 create mode 100644 20182/Nal/Pregrado/libraryjs/highcharts-6.0.3/plugins/multicolor_serie[0Ks
.js[0K
 create mode 100644 20182/Nal/Pregrado/libraryjs/highcharts-6.0.3/plugins/pattern-fill-v2.[0Kj
s[0K
 create mode 100644 20182/Nal/Pregrado/libraryjs/highcharts-6.0.3/plugins/tooltip-delay.js[0K
 create mode 100644 20182/Nal/Pregrado/libraryjs/highcharts-6.0.3/stock/highstock.js[0K
 create mode 100644 20182/Nal/Pregrado/libraryjs/htmlwdgtgrid-1/htmlwdgtgrid.css[0K
 create mode 100644 20182/Nal/Pregrado/libraryjs/htmlwidgets-1.2/htmlwidgets.js[0K
 create mode 100644 20182/Nal/Pregrado/libraryjs/jquery-1.11.1/jquery.min.js[0K
 create mode 100644 20182/Nal/Pregrado/libraryjs/jquery-1.12.4/LICENSE.txt[0K
 create mode 100644 20182/Nal/Pregrado/libraryjs/jquery-1.12.4/jquery.min.js[0K
 create mode 100644 20182/Nal/Pregrado/libraryjs/jszip-1.10.16/jszip.min.js[0K
 create mode 100644 20182/Nal/Pregrado/libraryjs/nouislider-7.0.10/jquery.nouislider.min.c[0Ks
s[0K
 create mode 100644 20182/Nal/Pregrado/libraryjs/nouislider-7.0.10/jquery.nouislider.min.j[0Ks
[0K
 create mode 100644 20182/Nal/Pregrado/libraryjs/pdfmake-1.10.16/pdfmake.min.js[0K
 create mode 100644 20182/Nal/Pregrado/libraryjs/pdfmake-1.10.16/vfs_fonts.js[0K
 create mode 100644 20182/Nal/Pregrado/libraryjs/proj4js-2.3.15/proj4.js[0K
 create mode 100644 20182/Nal/Pregrado/libraryjs/selectize-0.12.0/selectize.bootstrap3.css[0K
 create mode 100644 20182/Nal/Pregrado/libraryjs/selectize-0.12.0/selectize.min.js[0K
 create mode 100644 G_Graduados.Rproj[0K
[0K[?25h[?25l
[0;32mAlberto@Alberto-HP [0;35m [0;33m~/Documents/ONP/Oficina Nacional de Estadística/Página/Cifras/Graduado[0Ks
/G_Graduados[0;36m (master)[0m[0K
$[0K[3G[?25h[?25l$ git commit -m "Objetos graficos graduados pregrado"[0K[?25h[?25l
[0K[?25hOn branch master[0K[?25l
Your branch is based on 'origin/master', but the upstream is gone.[0K
  (use "git branch --unset-upstream" to fixup)[0K
[0K
Changes not staged for commit:[0K
        [0;31mmodified:   .Rproj.user/B994EF53/console06/60F9C0F6[0m[0K
[0K
no changes added to commit[0K
[0K[?25h[?25l
[0;32mAlberto@Alberto-HP [0;35m [0;33m~/Documents/ONP/Oficina Nacional de Estadística/Página/Cifras/Graduado[0Ks
/G_Graduados[0;36m (master)[0m[0K
$[0K[3G[?25h[?25l$ g[0K[?25hi[0Kt[0K[7G[?25l$ git p[0K[?25hu[0Ks[0Kh[0K[12G[?25l$ git push o[0K[?25hr[0Ki[0Kg[0Ki[0Kn[0K[19G[?25l$ git push origin m[0K[?25ha[0Ks[0Kt[0Ke[0Kr[0K[?25l
[0K[?25herror: cannot spawn sh: No such file or directory[0K[?25l
error: cannot spawn rpostback-askpass: No such file or directory[0K
Username for 'https://github.com':[0K[36G[?25h[?25lUsername for 'https://github.com': e[0K[?25hs[0Kt[0Ka[0Kd[0Ki[0Ks[0Kt[0Ki[0Kc[0Ka[0Ku[0Kn[0K[?25l
error: cannot spawn rpostback-askpass: No such file or directory[0K
Password for 'https://estadisticaun@github.com':[0K[50G[?25h[?25l
[0K[?25herror: cannot spawn sh: No such file or directory[0K[?25l
[0K[?25hCounting objects: 314, done.[0K[?25l
[0K[?25hDelta compression using up to 8 threads.[0K[?25l
Compressing objects:  40% (119/296)[0K[1G[?25hCompressing objects: 100% (296/296), done.[0K[?25l
Writing objects:  17% (55/314)[0K[1G[?25h[?25lWriting objects:  31% (98/314)[0K[1G[?25h[?25lWriting objects:  49% (154/314)[0K[1G[?25h[?25lWriting objects:  81% (255/314)[0K[1G[?25h[?25lWriting objects:  89% (280/314)[0K[1G[?25hWriting objects: 100% (314/314), 1.09 MiB | 995.00 KiB/s, done.[0K[?25l
Total 314 (delta 52), reused 0 (delta 0)[0K
[0K[?25h[?25lremote: Resolving deltas:  71% (37/52)[0K[1G[?25hremote: Resolving deltas: 100% (52/52), done.[0K[?25l
[0K[?25hTo https://github.com/estadisticaun/G_Graduados.git[0K[?25l
 * [new branch]      master -> master[0K
[0K[?25h[?25l
[0;32mAlberto@Alberto-HP [0;35m [0;33m~/Documents/ONP/Oficina Nacional de Estadística/Página/Cifras/Graduado[0Ks
/G_Graduados[0;36m (master)[0m[0K
$[0K[3G[?25h[0m[0Kbash: cut: command not found[0K[?25l
]0;:/c/Users/Alberto/Documents/ONP/Oficina Nacional de Estadística/Página/Cifras/Graduados/G_Graduados[?25l
[0;32mAlberto@Alberto-HP [0;35m [0;33m~/Documents/ONP/Oficina Nacional de Estadística/Página/Cifras/Graduado[0Ks
/G_Graduados[0;36m (master)[0m[0K
$[0K[3G[?25h[?25l$ g[0K[?25hi[0Kt[0K[7G[?25l$ git s[0K[?25ht[0Ka[0Kt[0Ku[0Ks[0K[?25l
[0K[?25hOn branch master[0K[?25l
Your branch is up-to-date with 'origin/master'.[0K
[0K
Changes not staged for commit:[0K
  (use "git add/rm <file>..." to update what will be committed)[0K
  (use "git checkout -- <file>..." to discard changes in working directory)[0K
[0K
        [0;31mmodified:   .Rproj.user/B994EF53/console06/60F9C0F6[0m[0K
        [0;31mmodified:   .Rproj.user/B994EF53/console06/INDEX001[0m[0K
        [0;31mdeleted:    .Rproj.user/B994EF53/sources/s-EF925DC1/4A9B33CA[0m[0K
        [0;31mdeleted:    .Rproj.user/B994EF53/sources/s-EF925DC1/4A9B33CA-contents[0m[0K
        [0;31mdeleted:    .Rproj.user/B994EF53/sources/s-EF925DC1/lock_file[0m[0K
        [0;31mdeleted:    20182/Nal/Pregrado/libraryjs/jquery-1.12.4/LICENSE.txt[0m[0K
[0K
Untracked files:[0K
  (use "git add <file>..." to include in what will be committed)[0K
[0K
        [0;31m.Rhistory[0m[0K
        [0;31m.Rproj.user/B994EF53/pcs/[0m[0K
        [0;31m.Rproj.user/B994EF53/rmd-outputs[0m[0K
        [0;31m.Rproj.user/B994EF53/saved_source_markers[0m[0K
        [0;31m.Rproj.user/B994EF53/sources/s-3D9EFB7F/[0m[0K
        [0;31m20182/Nal/Pregrado/Nac_col1.html[0m[0K
        [0;31m20182/Nal/Pregrado/Nac_comb.html[0m[0K
        [0;31m20182/Nal/Pregrado/Nac_dpto.html[0m[0K
        [0;31m20182/Nal/Pregrado/Nac_mun.html[0m[0K
        [0;31m20182/Nal/Pregrado/libraryjs/Proj4Leaflet-0.7.2/[0m[0K
        [0;31m20182/Nal/Pregrado/libraryjs/bootstrap-3.3.7/[0m[0K
        [0;31m20182/Nal/Pregrado/libraryjs/jquery-1.12.4/jquery.js[0m[0K
        [0;31m20182/Nal/Pregrado/libraryjs/leaflet-0.7.7/[0m[0K
        [0;31m20182/Nal/Pregrado/libraryjs/leaflet-awesomemarkers-2.0.3/[0m[0K
        [0;31m20182/Nal/Pregrado/libraryjs/leaflet-binding-1.1.0/[0m[0K
        [0;31m20182/Nal/Pregrado/libraryjs/leaflet-easybutton-1.3.1/[0m[0K
        [0;31m20182/Nal/Pregrado/libraryjs/leaflet-label-0.2.2/[0m[0K
        [0;31m20182/Nal/Pregrado/libraryjs/leaflet-minimap-3.3.1/[0m[0K
        [0;31m20182/Nal/Pregrado/libraryjs/leaflet-providers-1.0.27/[0m[0K
        [0;31m20182/Nal/Pregrado/libraryjs/leaflet-providers-plugin-1.1.0/[0m[0K
        [0;31m20182/Nal/Pregrado/libraryjs/leafletfix-1.0.0/[0m[0K
[0K
no changes added to commit (use "git add" and/or "git commit -a")[0K
[0K[?25h[?25l
[0;32mAlberto@Alberto-HP [0;35m [0;33m~/Documents/ONP/Oficina Nacional de Estadística/Página/Cifras/Graduado[0Ks
/G_Graduados[0;36m (master)[0m[0K
$[0K[3G[?25h[?25l$ g[0K[?25hi[0Kt[0K[7G[?25l$ git a[0K[?25hd[0Kd[0K[11G[?25l$ git add .[0K[?25h[?25l
[0K[?25h